---
source: crates/qwik-optimizer-oxc/tests/snapshot_tests.rs
expression: output
---
=== test.js ===
import { componentQrl } from "@qwik.dev/core";
import { qrl } from "@qwik.dev/core";
import { inlinedQrl } from "@qwik.dev/core";
import { _jsxSorted } from "@qwik.dev/core";
import { _getVarProps } from "@qwik.dev/core";
import { _getConstProps } from "@qwik.dev/core";
import { _jsxSplit } from "@qwik.dev/core";
import { _chk } from "@qwik.dev/core";
const i_O84bGdeej0g = () => import("./test.tsx_FieldInput_component_O84bGdeej0g");
import { Fragment as _Fragment } from "@qwik.dev/core/jsx-runtime";
import { useSignal } from "@qwik.dev/core";
export const FieldInput = /* @__PURE__ */ componentQrl(/* @__PURE__ */ qrl(i_O84bGdeej0g, "FieldInput_component_O84bGdeej0g"));

=== test.tsx_FieldInput_component_O84bGdeej0g.js === (ENTRY)
import { _jsxSorted } from "@qwik.dev/core";
import { _jsxSplit } from "@qwik.dev/core";
import { Fragment as _Fragment } from "@qwik.dev/core/jsx-runtime";
import { _getVarProps } from "@qwik.dev/core";
import { _getConstProps } from "@qwik.dev/core";
import { useSignal } from "@qwik.dev/core";
export const FieldInput_component_O84bGdeej0g = (props) => {
	const input = useSignal(true);
	return /* @__PURE__ */ _jsxSorted(_Fragment, null, null, [/* @__PURE__ */ _jsxSplit("input", { ..._getVarProps(props) }, _getConstProps(props), null, 0, "u6_0"), /* @__PURE__ */ _jsxSplit("input", { ..._getVarProps(props) }, _getConstProps(props), null, 0, "u6_1")], 1, "u6_2");
};
