---
source: src/test.rs
expression: output
---
==INPUT==
import { component$, useBrowserVisibleTask$, useStore, useStyles$ } from "@qwik.dev/core";

export const Child = component$(() => {
  const state = useStore({
    count: 0,
  });

  // Double count watch
  useBrowserVisibleTask$(() => {
    const timer = setInterval(() => {
      state.count++;
    }, 1000);
    return () => {
      clearInterval(timer);
    };
  });

  return <div>{state.count}</div>;
});

============================= test.js ==
import { componentQrl } from "@qwik.dev/core";
import { qrl } from "@qwik.dev/core";
const i_XXXXXXXXXXXX = () => import("./test.tsx_Child_component_XXXXXXXXXXXX");
export const Child = /*#__PURE__*/ componentQrl(
  /*#__PURE__*/ qrl(i_XXXXXXXXXXXX, "Child_component_XXXXXXXXXXXX"),
);

Some(
  '{"version":3,"sources":["/user/qwik/src/test.tsx"],"names":[],"mappings":";;;AAEA,OAAO,MAAM,sBAAQ,8EAgBlB"}',
);
============================= test.tsx_Child_component_XXXXXXXXXXXX.js (ENTRY POINT)==
import { _jsxSorted } from "@qwik.dev/core";
import { _wrapProp } from "@qwik.dev/core";
import { qrl } from "@qwik.dev/core";
import { useBrowserVisibleTaskQrl } from "@qwik.dev/core";
import { useStore } from "@qwik.dev/core";
const i_XXXXXXXXXXXX = () => import("./test.tsx_Child_component_useBrowserVisibleTask_XXXXXXXXXXXX");
export const Child_component_XXXXXXXXXXXX = () => {
  const state = useStore({
    count: 0,
  });
  // Double count watch
  useBrowserVisibleTaskQrl(
    /*#__PURE__*/ qrl(i_XXXXXXXXXXXX, "Child_component_useBrowserVisibleTask_XXXXXXXXXXXX", [state]),
  );
  return /*#__PURE__*/ _jsxSorted("div", null, null, _wrapProp(state, "count"), 3, "u6_0");
};

Some(
  '{"version":3,"sources":["/user/qwik/src/test.tsx"],"names":[],"mappings":";;;;;;2CAEgC;IAC9B,MAAM,QAAQ,SAAS;QACrB,OAAO;IACT;IAEA,qBAAqB;IACrB;;;IASA,qBAAO,WAAC,6BAAK;AACf"}',
);
/*
{
  "origin": "test.tsx",
  "name": "Child_component_XXXXXXXXXXXX",
  "entry": null,
  "displayName": "test.tsx_Child_component",
  "hash": "XXXXXXXXXXXX",
  "canonicalFilename": "test.tsx_Child_component_XXXXXXXXXXXX",
  "path": "",
  "extension": "js",
  "parent": null,
  "ctxKind": "function",
  "ctxName": "component$",
  "captures": false,
  "loc": [
    125,
    408
  ]
}
*/
============================= test.tsx_Child_component_useBrowserVisibleTask_XXXXXXXXXXXX.js (ENTRY POINT)==
import { _captures } from "@qwik.dev/core";
export const Child_component_useBrowserVisibleTask_XXXXXXXXXXXX = () => {
  const state = _captures[0];
  const timer = setInterval(() => {
    state.count++;
  }, 1000);
  return () => {
    clearInterval(timer);
  };
};

Some(
  '{"version":3,"sources":["/user/qwik/src/test.tsx"],"names":[],"mappings":";iEAQyB;;IACrB,MAAM,QAAQ,YAAY;QACxB,MAAM,KAAK;IACb,GAAG;IACH,OAAO;QACL,cAAc;IAChB"}',
);
/*
{
  "origin": "test.tsx",
  "name": "Child_component_useBrowserVisibleTask_XXXXXXXXXXXX",
  "entry": null,
  "displayName": "test.tsx_Child_component_useBrowserVisibleTask",
  "hash": "XXXXXXXXXXXX",
  "canonicalFilename": "test.tsx_Child_component_useBrowserVisibleTask_XXXXXXXXXXXX",
  "path": "",
  "extension": "js",
  "parent": "Child_component_XXXXXXXXXXXX",
  "ctxKind": "function",
  "ctxName": "useBrowserVisibleTask$",
  "captures": true,
  "loc": [
    230,
    368
  ],
  "captureNames": [
    "state"
  ]
}
*/
== DIAGNOSTICS ==

[]
