---
source: src/test.rs
expression: output
---
==INPUT==
import { component$, useStore } from "@qwik.dev/core";

export enum Thing {
  A,
  B,
}

export const App = component$(() => {
  console.log(Thing.A);
  return (
    <>
      <p class="stuff">Hello Qwik</p>
    </>
  );
});

============================= test.tsx ==
import { componentQrl } from "@qwik.dev/core";
import { qrl } from "@qwik.dev/core";
const i_XXXXXXXXXXXX = () => import("./test.tsx_App_component_XXXXXXXXXXXX");
export enum Thing {
  A,
  B,
}
export const App = /*#__PURE__*/ componentQrl(
  /*#__PURE__*/ qrl(i_XXXXXXXXXXXX, "App_component_XXXXXXXXXXXX"),
);

Some(
  '{"version":3,"sources":["/user/qwik/src/test.tsx"],"names":[],"mappings":";;;AAEA,YAAY;IACV;IACA;;AAGF,OAAO,MAAM,oBAAM,4EAOhB"}',
);
============================= test.tsx_App_component_XXXXXXXXXXXX.tsx (ENTRY POINT)==
import { Thing } from "./test";
export const App_component_XXXXXXXXXXXX = () => {
  console.log(Thing.A);
  return (
    <>
      <p class="stuff">Hello Qwik</p>
    </>
  );
};

Some(
  '{"version":3,"sources":["/user/qwik/src/test.tsx"],"names":[],"mappings":";yCAO8B;IAC5B,QAAQ,GAAG,CAAC,MAAM,CAAC;IACnB,SACI;MACA,CAAC,EAAE,MAAM,QAAQ,UAAU,EAAE,EAAE;IACjC;AAEJ"}',
);
/*
{
  "origin": "test.tsx",
  "name": "App_component_XXXXXXXXXXXX",
  "entry": null,
  "displayName": "test.tsx_App_component",
  "hash": "XXXXXXXXXXXX",
  "canonicalFilename": "test.tsx_App_component_XXXXXXXXXXXX",
  "path": "",
  "extension": "tsx",
  "parent": null,
  "ctxKind": "function",
  "ctxName": "component$",
  "captures": false,
  "loc": [
    120,
    222
  ]
}
*/
== DIAGNOSTICS ==

[]
