---
source: src/test.rs
expression: output
---
==INPUT==
import { component$ } from "@qwik.dev/core";

const App = component$(() => {
  return <div>hola</div>;
});

export const Root = component$((props: Stuff) => {
  return <App />;
});

const Other = 12;
export { Other as App };

export default App;

============================= test.js ==
import { componentQrl } from "@qwik.dev/core";
import { qrl } from "@qwik.dev/core";
const i_XXXXXXXXXXXX = () => import("./test.tsx_App_component_XXXXXXXXXXXX");
const i_XXXXXXXXXXXX = () => import("./test.tsx_Root_component_XXXXXXXXXXXX");
const App = /*#__PURE__*/ componentQrl(
  /*#__PURE__*/ qrl(i_XXXXXXXXXXXX, "App_component_XXXXXXXXXXXX"),
);
export const Root = /*#__PURE__*/ componentQrl(
  /*#__PURE__*/ qrl(i_XXXXXXXXXXXX, "Root_component_XXXXXXXXXXXX"),
);
const Other = 12;
export { Other as App };
export default App;
export { App as _auto_App };

Some(
  '{"version":3,"sources":["/user/qwik/src/test.tsx"],"names":[],"mappings":";;;;AAEA,MAAM,oBAAM;AAIZ,OAAO,MAAM,qBAAO,6EAEjB;AAEH,MAAM,QAAQ;AACd,SAAS,SAAS,GAAG,GAAG;AAExB,eAAe,IAAI"}',
);
============================= test.tsx_App_component_XXXXXXXXXXXX.js (ENTRY POINT)==
import { _jsxSorted } from "@qwik.dev/core";
export const App_component_XXXXXXXXXXXX = () => {
  return /*#__PURE__*/ _jsxSorted("div", null, null, "hola", 3, "u6_0");
};

Some(
  '{"version":3,"sources":["/user/qwik/src/test.tsx"],"names":[],"mappings":";yCAEuB;IACrB,qBAAO,WAAC,mBAAI;AACd"}',
);
/*
{
  "origin": "test.tsx",
  "name": "App_component_XXXXXXXXXXXX",
  "entry": null,
  "displayName": "test.tsx_App_component",
  "hash": "XXXXXXXXXXXX",
  "canonicalFilename": "test.tsx_App_component_XXXXXXXXXXXX",
  "path": "",
  "extension": "js",
  "parent": null,
  "ctxKind": "function",
  "ctxName": "component$",
  "captures": false,
  "loc": [
    70,
    105
  ]
}
*/
============================= test.tsx_Root_component_XXXXXXXXXXXX.js (ENTRY POINT)==
import { _auto_App as App } from "./test";
import { _jsxSorted } from "@qwik.dev/core";
export const Root_component_XXXXXXXXXXXX = (props) => {
  return /*#__PURE__*/ _jsxSorted(App, null, null, null, 3, "u6_1");
};

Some(
  '{"version":3,"sources":["/user/qwik/src/test.tsx"],"names":[],"mappings":";;0CAM+B,CAAC;IAC9B,qBAAO,WAAC;AACV"}',
);
/*
{
  "origin": "test.tsx",
  "name": "Root_component_XXXXXXXXXXXX",
  "entry": null,
  "displayName": "test.tsx_Root_component",
  "hash": "XXXXXXXXXXXX",
  "canonicalFilename": "test.tsx_Root_component_XXXXXXXXXXXX",
  "path": "",
  "extension": "js",
  "parent": null,
  "ctxKind": "function",
  "ctxName": "component$",
  "captures": false,
  "loc": [
    140,
    179
  ],
  "paramNames": [
    "props"
  ]
}
*/
== DIAGNOSTICS ==

[]
