---
source: src/test.rs
expression: output
---
==INPUT==
import { component$ } from "@qwik.dev/core";
export default component$((props) => {
  const { "bind:value": bindValue } = props;
  return <>{bindValue}</>;
});

============================= test.js ==
import { componentQrl } from "@qwik.dev/core";
import { qrl } from "@qwik.dev/core";
const i_XXXXXXXXXXXX = () => import("./test.tsx_test_component_XXXXXXXXXXXX");
export default /*#__PURE__*/ componentQrl(
  /*#__PURE__*/ qrl(i_XXXXXXXXXXXX, "test_component_XXXXXXXXXXXX"),
);

Some(
  '{"version":3,"sources":["/user/qwik/src/test.tsx"],"names":[],"mappings":";;;AACA,6BAAe,6EAGZ"}',
);
============================= test.tsx_test_component_XXXXXXXXXXXX.js (ENTRY POINT)==
import { Fragment as _Fragment } from "@qwik.dev/core/jsx-runtime";
import { _jsxSorted } from "@qwik.dev/core";
import { _wrapProp } from "@qwik.dev/core";
export const test_component_XXXXXXXXXXXX = (props) => {
  return /*#__PURE__*/ _jsxSorted(_Fragment, null, null, _wrapProp(props, "bind:value"), 1, "u6_0");
};

Some(
  '{"version":3,"sources":["/user/qwik/src/test.tsx"],"names":[],"mappings":";;;0CAC0B,CAAC;IAEzB,qBAAO,4CAD6B;AAEtC"}',
);
/*
{
  "origin": "test.tsx",
  "name": "test_component_XXXXXXXXXXXX",
  "entry": null,
  "displayName": "test.tsx_test_component",
  "hash": "XXXXXXXXXXXX",
  "canonicalFilename": "test.tsx_test_component_XXXXXXXXXXXX",
  "path": "",
  "extension": "js",
  "parent": null,
  "ctxKind": "function",
  "ctxName": "component$",
  "captures": false,
  "loc": [
    72,
    158
  ],
  "paramNames": [
    "props"
  ]
}
*/
== DIAGNOSTICS ==

[]
