---
source: src/test.rs
expression: output
---
==INPUT==
import { component$ } from "@builder.io/qwik";
export default component$((props) => {
  return (
    <p
      onHi$={() => "hi"}
      {...props.foo}
      onHello$={props.helloHandler$}
      {...props.rest}
      onVar$={props.onVarHandler$}
      onConst$={() => "const"}
      asd={"1"}
    />
  );
});

============================= test.js ==
import { componentQrl } from "@qwik.dev/core";
import { qrl } from "@qwik.dev/core";
const i_XXXXXXXXXXXX = () => import("./test.tsx_test_component_XXXXXXXXXXXX");
export default /*#__PURE__*/ componentQrl(
  /*#__PURE__*/ qrl(i_XXXXXXXXXXXX, "test_component_XXXXXXXXXXXX"),
);

Some(
  '{"version":3,"sources":["/user/qwik/src/test.tsx"],"names":[],"mappings":";;;AACA,6BAAe,6EAYZ"}',
);
============================= test.tsx_test_component_XXXXXXXXXXXX.js (ENTRY POINT)==
import { _jsxSplit } from "@qwik.dev/core";
import { qrl } from "@qwik.dev/core";
const i_XXXXXXXXXXXX = () => import("./test.tsx_test_component_p_q_e_const_XXXXXXXXXXXX");
const i_XXXXXXXXXXXX = () => import("./test.tsx_test_component_p_q_e_hi_XXXXXXXXXXXX");
export const test_component_XXXXXXXXXXXX = (props) => {
  return /*#__PURE__*/ _jsxSplit(
    "p",
    {
      "q-e:hi": /*#__PURE__*/ qrl(i_XXXXXXXXXXXX, "test_component_p_q_e_hi_XXXXXXXXXXXX"),
      ...props.foo,
      "q-e:hello": props.helloHandler$,
      ...props.rest,
      "q-e:var": props.onVarHandler$,
    },
    {
      "q-e:const": /*#__PURE__*/ qrl(i_XXXXXXXXXXXX, "test_component_p_q_e_const_XXXXXXXXXXXX"),
      asd: "1",
    },
    null,
    0,
    "u6_0",
  );
};

Some(
  '{"version":3,"sources":["/user/qwik/src/test.tsx"],"names":[],"mappings":";;;;0CAC0B,CAAC;IACzB,qBACE,UAAC;QACC,QAAK;QACJ,GAAG,MAAM,GAAG;QACb,aAAU,MAAM,aAAa;QAC5B,GAAG,MAAM,IAAI;QACd,WAAQ,MAAM,aAAa;;QAC3B,WAAQ;QACR,KAAK;;AAGX"}',
);
/*
{
  "origin": "test.tsx",
  "name": "test_component_XXXXXXXXXXXX",
  "entry": null,
  "displayName": "test.tsx_test_component",
  "hash": "XXXXXXXXXXXX",
  "canonicalFilename": "test.tsx_test_component_XXXXXXXXXXXX",
  "path": "",
  "extension": "js",
  "parent": null,
  "ctxKind": "function",
  "ctxName": "component$",
  "captures": false,
  "loc": [
    74,
    305
  ],
  "paramNames": [
    "props"
  ]
}
*/
============================= test.tsx_test_component_p_q_e_hi_XXXXXXXXXXXX.js (ENTRY POINT)==
export const test_component_p_q_e_hi_XXXXXXXXXXXX = () => "hi";

Some('{"version":3,"sources":["/user/qwik/src/test.tsx"],"names":[],"mappings":"mDAIa,IAAM"}');
/*
{
  "origin": "test.tsx",
  "name": "test_component_p_q_e_hi_XXXXXXXXXXXX",
  "entry": null,
  "displayName": "test.tsx_test_component_p_q_e_hi",
  "hash": "XXXXXXXXXXXX",
  "canonicalFilename": "test.tsx_test_component_p_q_e_hi_XXXXXXXXXXXX",
  "path": "",
  "extension": "js",
  "parent": "test_component_XXXXXXXXXXXX",
  "ctxKind": "eventHandler",
  "ctxName": "onHi$",
  "captures": false,
  "loc": [
    118,
    128
  ]
}
*/
============================= test.tsx_test_component_p_q_e_const_XXXXXXXXXXXX.js (ENTRY POINT)==
export const test_component_p_q_e_const_XXXXXXXXXXXX = () => "const";

Some('{"version":3,"sources":["/user/qwik/src/test.tsx"],"names":[],"mappings":"sDASgB,IAAM"}');
/*
{
  "origin": "test.tsx",
  "name": "test_component_p_q_e_const_XXXXXXXXXXXX",
  "entry": null,
  "displayName": "test.tsx_test_component_p_q_e_const",
  "hash": "XXXXXXXXXXXX",
  "canonicalFilename": "test.tsx_test_component_p_q_e_const_XXXXXXXXXXXX",
  "path": "",
  "extension": "js",
  "parent": "test_component_XXXXXXXXXXXX",
  "ctxKind": "eventHandler",
  "ctxName": "onConst$",
  "captures": false,
  "loc": [
    261,
    274
  ]
}
*/
== DIAGNOSTICS ==

[]
