---
source: src/test.rs
expression: output
---
==INPUT==
import { component$, useTask$ } from "@qwik.dev/core";

export default component$<any>(({ ...props }) => {
  useTask$(() => {
    props.checked;
  });

  return "hi";
});

============================= test.js ==
import { componentQrl } from "@qwik.dev/core";
import { qrl } from "@qwik.dev/core";
const i_XXXXXXXXXXXX = () => import("./test.tsx_test_component_XXXXXXXXXXXX");
export default /*#__PURE__*/ componentQrl(
  /*#__PURE__*/ qrl(i_XXXXXXXXXXXX, "test_component_XXXXXXXXXXXX"),
);

Some(
  '{"version":3,"sources":["/user/qwik/src/test.tsx"],"names":[],"mappings":";;;AAEA,6BAAe,6EAMZ"}',
);
============================= test.tsx_test_component_XXXXXXXXXXXX.js (ENTRY POINT)==
import { _restProps } from "@qwik.dev/core";
import { qrl } from "@qwik.dev/core";
import { useTaskQrl } from "@qwik.dev/core";
const i_XXXXXXXXXXXX = () => import("./test.tsx_test_component_useTask_XXXXXXXXXXXX");
export const test_component_XXXXXXXXXXXX = (_rawProps) => {
  const props = _restProps(_rawProps);
  useTaskQrl(/*#__PURE__*/ qrl(i_XXXXXXXXXXXX, "test_component_useTask_XXXXXXXXXXXX", [props]));
  return "hi";
};

Some(
  '{"version":3,"sources":["/user/qwik/src/test.tsx"],"names":[],"mappings":";;;;0CAE+B;;IAC7B;;;IAIA,OAAO;AACT"}',
);
/*
{
  "origin": "test.tsx",
  "name": "test_component_XXXXXXXXXXXX",
  "entry": null,
  "displayName": "test.tsx_test_component",
  "hash": "XXXXXXXXXXXX",
  "canonicalFilename": "test.tsx_test_component_XXXXXXXXXXXX",
  "path": "",
  "extension": "js",
  "parent": null,
  "ctxKind": "function",
  "ctxName": "component$",
  "captures": false,
  "loc": [
    88,
    169
  ],
  "paramNames": [
    "_rawProps"
  ]
}
*/
============================= test.tsx_test_component_useTask_XXXXXXXXXXXX.js (ENTRY POINT)==
import { _captures } from "@qwik.dev/core";
export const test_component_useTask_XXXXXXXXXXXX = () => {
  const props = _captures[0];
  props.checked;
};

Some(
  '{"version":3,"sources":["/user/qwik/src/test.tsx"],"names":[],"mappings":";kDAGW;;IACP,MAAM,OAAO"}',
);
/*
{
  "origin": "test.tsx",
  "name": "test_component_useTask_XXXXXXXXXXXX",
  "entry": null,
  "displayName": "test.tsx_test_component_useTask",
  "hash": "XXXXXXXXXXXX",
  "canonicalFilename": "test.tsx_test_component_useTask_XXXXXXXXXXXX",
  "path": "",
  "extension": "js",
  "parent": "test_component_XXXXXXXXXXXX",
  "ctxKind": "function",
  "ctxName": "useTask$",
  "captures": true,
  "loc": [
    119,
    149
  ],
  "captureNames": [
    "props"
  ]
}
*/
== DIAGNOSTICS ==

[]
