---
source: src/test.rs
expression: output
---
==INPUT==
import { $, component, onRender } from "@qwik.dev/core";

export const renderHeader = $(() => {
  return <div onClick={$((ctx) => console.log(ctx))} />;
});
const renderHeader = component(
  $(() => {
    console.log("mount");
    return render;
  }),
);

============================= test.tsx ==
import { qrl } from "@qwik.dev/core";
const i_XXXXXXXXXXXX = () => import("./test.tsx_renderHeader_component_XXXXXXXXXXXX");
const i_XXXXXXXXXXXX = () => import("./test.tsx_renderHeader_XXXXXXXXXXXX");
import { component } from "@qwik.dev/core";
export const renderHeader = /*#__PURE__*/ qrl(i_XXXXXXXXXXXX, "renderHeader_XXXXXXXXXXXX");
const renderHeader = component(
  /*#__PURE__*/ qrl(i_XXXXXXXXXXXX, "renderHeader_component_XXXXXXXXXXXX"),
);

Some(
  '{"version":3,"sources":["/user/qwik/src/test.tsx"],"names":[],"mappings":";;;AAAA,SAAY,SAAS,QAAkB,iBAAiB;AAExD,OAAO,MAAM,4EAEV;AACH,MAAM,eAAe"}',
);
============================= test.tsx_renderHeader_XXXXXXXXXXXX.tsx (ENTRY POINT)==
import { qrl } from "@qwik.dev/core";
const i_XXXXXXXXXXXX = () => import("./test.tsx_renderHeader_div_onClick_XXXXXXXXXXXX");
export const renderHeader_XXXXXXXXXXXX = () => {
  return <div onClick={/*#__PURE__*/ qrl(i_XXXXXXXXXXXX, "renderHeader_div_onClick_XXXXXXXXXXXX")} />;
};

Some(
  '{"version":3,"sources":["/user/qwik/src/test.tsx"],"names":[],"mappings":";;wCAE8B;IAC5B,QAAQ,IAAI;AACd"}',
);
/*
{
  "origin": "test.tsx",
  "name": "renderHeader_XXXXXXXXXXXX",
  "entry": null,
  "displayName": "test.tsx_renderHeader",
  "hash": "XXXXXXXXXXXX",
  "canonicalFilename": "test.tsx_renderHeader_XXXXXXXXXXXX",
  "path": "",
  "extension": "tsx",
  "parent": null,
  "ctxKind": "function",
  "ctxName": "$",
  "captures": false,
  "loc": [
    89,
    155
  ]
}
*/
============================= test.tsx_renderHeader_div_onClick_XXXXXXXXXXXX.tsx (ENTRY POINT)==
export const renderHeader_div_onClick_XXXXXXXXXXXX = (ctx) => console.log(ctx);

Some(
  '{"version":3,"sources":["/user/qwik/src/test.tsx"],"names":[],"mappings":"oDAGyB,CAAC,MAAQ,QAAQ,GAAG,CAAC"}',
);
/*
{
  "origin": "test.tsx",
  "name": "renderHeader_div_onClick_XXXXXXXXXXXX",
  "entry": null,
  "displayName": "test.tsx_renderHeader_div_onClick",
  "hash": "XXXXXXXXXXXX",
  "canonicalFilename": "test.tsx_renderHeader_div_onClick_XXXXXXXXXXXX",
  "path": "",
  "extension": "tsx",
  "parent": "renderHeader_XXXXXXXXXXXX",
  "ctxKind": "function",
  "ctxName": "$",
  "captures": false,
  "loc": [
    122,
    147
  ],
  "paramNames": [
    "ctx"
  ]
}
*/
============================= test.tsx_renderHeader_component_XXXXXXXXXXXX.tsx (ENTRY POINT)==
export const renderHeader_component_XXXXXXXXXXXX = () => {
  console.log("mount");
  return render;
};

Some(
  '{"version":3,"sources":["/user/qwik/src/test.tsx"],"names":[],"mappings":"kDAMI;IACA,QAAQ,GAAG,CAAC;IACZ,OAAO;AACT"}',
);
/*
{
  "origin": "test.tsx",
  "name": "renderHeader_component_XXXXXXXXXXXX",
  "entry": null,
  "displayName": "test.tsx_renderHeader_component",
  "hash": "XXXXXXXXXXXX",
  "canonicalFilename": "test.tsx_renderHeader_component_XXXXXXXXXXXX",
  "path": "",
  "extension": "tsx",
  "parent": null,
  "ctxKind": "function",
  "ctxName": "$",
  "captures": false,
  "loc": [
    194,
    250
  ]
}
*/
== DIAGNOSTICS ==

[]
