---
source: src/test.rs
expression: output
---
==INPUT==
import { component$, $ } from "@qwik.dev/core";
import mongo from "mongodb";

export const Greeter = component$(() => {
  // Double count watch
  useTask$(async () => {
    await mongo.users();
  });
  return (
    <div>
      <div onClick$={() => {}} />
      <div onClick$={() => {}} />
      <div onClick$={() => {}} />
    </div>
  );
});

============================= test.tsx ==
import { componentQrl } from "@qwik.dev/core";
import { qrl } from "@qwik.dev/core";
const i_XXXXXXXXXXXX = () => import("./test.tsx_Greeter_component_XXXXXXXXXXXX");
export const Greeter = /*#__PURE__*/ componentQrl(
  /*#__PURE__*/ qrl(i_XXXXXXXXXXXX, "Greeter_component_XXXXXXXXXXXX"),
);

Some(
  '{"version":3,"sources":["/user/qwik/src/test.tsx"],"names":[],"mappings":";;;AAGA,OAAO,MAAM,wBAAU,gFAYpB"}',
);
============================= test.tsx_Greeter_component_XXXXXXXXXXXX.tsx (ENTRY POINT)==
import mongo from "mongodb";
import { qrl } from "@qwik.dev/core";
const i_XXXXXXXXXXXX = () => import("./test.tsx_Greeter_component_div_div_q_e_click_2_XXXXXXXXXXXX");
const i_XXXXXXXXXXXX = () => import("./test.tsx_Greeter_component_div_div_q_e_click_1_XXXXXXXXXXXX");
const i_XXXXXXXXXXXX = () => import("./test.tsx_Greeter_component_div_div_q_e_click_XXXXXXXXXXXX");
export const Greeter_component_XXXXXXXXXXXX = () => {
  // Double count watch
  useTask$(async () => {
    await mongo.users();
  });
  return (
    <div>
      <div
        q-e:click={
          /*#__PURE__*/ qrl(i_XXXXXXXXXXXX, "Greeter_component_div_div_q_e_click_XXXXXXXXXXXX")
        }
      />
      <div
        q-e:click={
          /*#__PURE__*/ qrl(i_XXXXXXXXXXXX, "Greeter_component_div_div_q_e_click_1_XXXXXXXXXXXX")
        }
      />
      <div
        q-e:click={
          /*#__PURE__*/ qrl(i_XXXXXXXXXXXX, "Greeter_component_div_div_q_e_click_2_XXXXXXXXXXXX")
        }
      />
    </div>
  );
};

Some(
  '{"version":3,"sources":["/user/qwik/src/test.tsx"],"names":[],"mappings":";;;;;6CAGkC;IAChC,qBAAqB;IACrB,SAAS;QACP,MAAM,MAAM,KAAK;IACnB;IACA,QACG,IAAI;MACH,CAAC,IAAI,iGAAsB;MAC3B,CAAC,IAAI,mGAAsB;MAC3B,CAAC,IAAI,mGAAsB;IAC7B,EAAE;AAEN"}',
);
/*
{
  "origin": "test.tsx",
  "name": "Greeter_component_XXXXXXXXXXXX",
  "entry": null,
  "displayName": "test.tsx_Greeter_component",
  "hash": "XXXXXXXXXXXX",
  "canonicalFilename": "test.tsx_Greeter_component_XXXXXXXXXXXX",
  "path": "",
  "extension": "tsx",
  "parent": null,
  "ctxKind": "function",
  "ctxName": "component$",
  "captures": false,
  "loc": [
    113,
    341
  ]
}
*/
============================= test.tsx_Greeter_component_div_div_q_e_click_XXXXXXXXXXXX.tsx (ENTRY POINT)==
export const Greeter_component_div_div_q_e_click_XXXXXXXXXXXX = () => {};

Some('{"version":3,"sources":["/user/qwik/src/test.tsx"],"names":[],"mappings":"+DAUqB,KAAO"}');
/*
{
  "origin": "test.tsx",
  "name": "Greeter_component_div_div_q_e_click_XXXXXXXXXXXX",
  "entry": null,
  "displayName": "test.tsx_Greeter_component_div_div_q_e_click",
  "hash": "XXXXXXXXXXXX",
  "canonicalFilename": "test.tsx_Greeter_component_div_div_q_e_click_XXXXXXXXXXXX",
  "path": "",
  "extension": "tsx",
  "parent": "Greeter_component_XXXXXXXXXXXX",
  "ctxKind": "eventHandler",
  "ctxName": "onClick$",
  "captures": false,
  "loc": [
    243,
    251
  ]
}
*/
============================= test.tsx_Greeter_component_div_div_q_e_click_1_XXXXXXXXXXXX.tsx (ENTRY POINT)==
export const Greeter_component_div_div_q_e_click_1_XXXXXXXXXXXX = () => {};

Some('{"version":3,"sources":["/user/qwik/src/test.tsx"],"names":[],"mappings":"iEAWqB,KAAO"}');
/*
{
  "origin": "test.tsx",
  "name": "Greeter_component_div_div_q_e_click_1_XXXXXXXXXXXX",
  "entry": null,
  "displayName": "test.tsx_Greeter_component_div_div_q_e_click_1",
  "hash": "XXXXXXXXXXXX",
  "canonicalFilename": "test.tsx_Greeter_component_div_div_q_e_click_1_XXXXXXXXXXXX",
  "path": "",
  "extension": "tsx",
  "parent": "Greeter_component_XXXXXXXXXXXX",
  "ctxKind": "eventHandler",
  "ctxName": "onClick$",
  "captures": false,
  "loc": [
    277,
    285
  ]
}
*/
============================= test.tsx_Greeter_component_div_div_q_e_click_2_XXXXXXXXXXXX.tsx (ENTRY POINT)==
export const Greeter_component_div_div_q_e_click_2_XXXXXXXXXXXX = () => {};

Some('{"version":3,"sources":["/user/qwik/src/test.tsx"],"names":[],"mappings":"iEAYqB,KAAO"}');
/*
{
  "origin": "test.tsx",
  "name": "Greeter_component_div_div_q_e_click_2_XXXXXXXXXXXX",
  "entry": null,
  "displayName": "test.tsx_Greeter_component_div_div_q_e_click_2",
  "hash": "XXXXXXXXXXXX",
  "canonicalFilename": "test.tsx_Greeter_component_div_div_q_e_click_2_XXXXXXXXXXXX",
  "path": "",
  "extension": "tsx",
  "parent": "Greeter_component_XXXXXXXXXXXX",
  "ctxKind": "eventHandler",
  "ctxName": "onClick$",
  "captures": false,
  "loc": [
    311,
    319
  ]
}
*/
== DIAGNOSTICS ==

[]
