---
source: src/test.rs
expression: output
---
==INPUT==
import { component$, useStore } from "@qwik.dev/core";

export const App = component$(() => {
  return (
    <Cmp>
      <p class="stuff" onClick$={() => console.log("warn")}>
        Hello Qwik
      </p>
    </Cmp>
  );
});

============================= test.js ==
import { componentQrl } from "@qwik.dev/core";
import { qrlDEV } from "@qwik.dev/core";
const i_XXXXXXXXXXXX = () => import("./test.tsx_App_component_XXXXXXXXXXXX");
export const App = /*#__PURE__*/ componentQrl(
  /*#__PURE__*/ qrlDEV(i_XXXXXXXXXXXX, "App_component_XXXXXXXXXXXX", {
    file: "/user/qwik/src/test.tsx",
    lo: 87,
    hi: 224,
    displayName: "test.tsx_App_component",
  }),
);

Some(
  '{"version":3,"sources":["/user/qwik/src/test.tsx"],"names":[],"mappings":";;;AAEA,OAAO,MAAM,oBAAM;;;;;IAQhB"}',
);
============================= test.tsx_App_component_XXXXXXXXXXXX.js (ENTRY POINT)==
import { _jsxSorted } from "@qwik.dev/core";
import { qrlDEV } from "@qwik.dev/core";
const i_XXXXXXXXXXXX = () => import("./test.tsx_App_component_Cmp_p_q_e_click_XXXXXXXXXXXX");
export const App_component_XXXXXXXXXXXX = () => {
  return /*#__PURE__*/ _jsxSorted(
    Cmp,
    null,
    null,
    /*#__PURE__*/ _jsxSorted(
      "p",
      null,
      {
        class: "stuff",
        "q-e:click": /*#__PURE__*/ qrlDEV(
          i_XXXXXXXXXXXX,
          "App_component_Cmp_p_q_e_click_XXXXXXXXXXXX",
          {
            file: "/user/qwik/src/test.tsx",
            lo: 149,
            hi: 174,
            displayName: "test.tsx_App_component_Cmp_p_q_e_click",
          },
        ),
      },
      "Hello Qwik",
      3,
      null,
      {
        fileName: "test.tsx",
        lineNumber: 6,
        columnNumber: 7,
      },
    ),
    3,
    "u6_0",
    {
      fileName: "test.tsx",
      lineNumber: 5,
      columnNumber: 5,
    },
  );
};

Some(
  '{"version":3,"sources":["/user/qwik/src/test.tsx"],"names":[],"mappings":";;;yCAE8B;IAC5B,qBACE,WAAC,+BACC,WAAC;QAAE,OAAM;QAAQ,WAAQ;;;;;;OAA6B;;;;;;;;;AAK5D"}',
);
/*
{
  "origin": "test.tsx",
  "name": "App_component_XXXXXXXXXXXX",
  "entry": null,
  "displayName": "test.tsx_App_component",
  "hash": "XXXXXXXXXXXX",
  "canonicalFilename": "test.tsx_App_component_XXXXXXXXXXXX",
  "path": "",
  "extension": "js",
  "parent": null,
  "ctxKind": "function",
  "ctxName": "component$",
  "captures": false,
  "loc": [
    87,
    224
  ]
}
*/
============================= test.tsx_App_component_Cmp_p_q_e_click_XXXXXXXXXXXX.js (ENTRY POINT)==
export const App_component_Cmp_p_q_e_click_XXXXXXXXXXXX = () => console.log("warn");

Some(
  '{"version":3,"sources":["/user/qwik/src/test.tsx"],"names":[],"mappings":"yDAKiC,IAAM,QAAQ,GAAG,CAAC"}',
);
/*
{
  "origin": "test.tsx",
  "name": "App_component_Cmp_p_q_e_click_XXXXXXXXXXXX",
  "entry": null,
  "displayName": "test.tsx_App_component_Cmp_p_q_e_click",
  "hash": "XXXXXXXXXXXX",
  "canonicalFilename": "test.tsx_App_component_Cmp_p_q_e_click_XXXXXXXXXXXX",
  "path": "",
  "extension": "js",
  "parent": "App_component_XXXXXXXXXXXX",
  "ctxKind": "eventHandler",
  "ctxName": "onClick$",
  "captures": false,
  "loc": [
    149,
    174
  ]
}
*/
== DIAGNOSTICS ==

[]
