---
source: src/test.rs
expression: output
---
==INPUT==
import { component$, $ } from "@qwik.dev/core";
import { CustomComponent } from "./custom-component";
import { AnotherComponent } from "./another-component";

export const Greeter = component$(() => {
  return (
    <div>
      <CustomComponent onClick$={() => {}} />
      {array.map((item) => (
        <AnotherComponent onClick$={() => {}} />
      ))}
    </div>
  );
});

============================= test.tsx ==
import { componentQrl } from "@qwik.dev/core";
import { qrl } from "@qwik.dev/core";
const i_XXXXXXXXXXXX = () => import("./test.tsx_Greeter_component_XXXXXXXXXXXX");
export const Greeter = /*#__PURE__*/ componentQrl(
  /*#__PURE__*/ qrl(i_XXXXXXXXXXXX, "Greeter_component_XXXXXXXXXXXX"),
);

Some(
  '{"version":3,"sources":["/user/qwik/src/test.tsx"],"names":[],"mappings":";;;AAIA,OAAO,MAAM,wBAAU,gFASpB"}',
);
============================= test.tsx_Greeter_component_XXXXXXXXXXXX.tsx (ENTRY POINT)==
import { AnotherComponent } from "./another-component";
import { CustomComponent } from "./custom-component";
import { qrl } from "@qwik.dev/core";
const i_XXXXXXXXXXXX = () =>
  import("./test.tsx_Greeter_component_div_CustomComponent_onClick_XXXXXXXXXXXX");
const i_XXXXXXXXXXXX = () =>
  import("./test.tsx_Greeter_component_div_AnotherComponent_onClick_XXXXXXXXXXXX");
export const Greeter_component_XXXXXXXXXXXX = () => {
  return (
    <div>
      <CustomComponent
        onClick$={
          /*#__PURE__*/ qrl(
            i_XXXXXXXXXXXX,
            "Greeter_component_div_CustomComponent_onClick_XXXXXXXXXXXX",
          )
        }
      />
      {array.map((item) => (
        <AnotherComponent
          onClick$={
            /*#__PURE__*/ qrl(
              i_XXXXXXXXXXXX,
              "Greeter_component_div_AnotherComponent_onClick_XXXXXXXXXXXX",
            )
          }
        />
      ))}
    </div>
  );
};

Some(
  '{"version":3,"sources":["/user/qwik/src/test.tsx"],"names":[],"mappings":";;;;;6CAIkC;IAChC,QACG,IAAI;MACH,CAAC,gBAAgB,0GAAsB;MACvC,CAAC,MAAM,GAAG,CAAC,CAAC,QACT,iBAAiB,6GACjB;IACL,EAAE;AAEN"}',
);
/*
{
  "origin": "test.tsx",
  "name": "Greeter_component_XXXXXXXXXXXX",
  "entry": null,
  "displayName": "test.tsx_Greeter_component",
  "hash": "XXXXXXXXXXXX",
  "canonicalFilename": "test.tsx_Greeter_component_XXXXXXXXXXXX",
  "path": "",
  "extension": "tsx",
  "parent": null,
  "ctxKind": "function",
  "ctxName": "component$",
  "captures": false,
  "loc": [
    194,
    374
  ]
}
*/
============================= test.tsx_Greeter_component_div_CustomComponent_onClick_XXXXXXXXXXXX.tsx (ENTRY POINT)==
export const Greeter_component_div_CustomComponent_onClick_XXXXXXXXXXXX = () => {};

Some('{"version":3,"sources":["/user/qwik/src/test.tsx"],"names":[],"mappings":"yEAOiC,KAAO"}');
/*
{
  "origin": "test.tsx",
  "name": "Greeter_component_div_CustomComponent_onClick_XXXXXXXXXXXX",
  "entry": null,
  "displayName": "test.tsx_Greeter_component_div_CustomComponent_onClick",
  "hash": "XXXXXXXXXXXX",
  "canonicalFilename": "test.tsx_Greeter_component_div_CustomComponent_onClick_XXXXXXXXXXXX",
  "path": "",
  "extension": "tsx",
  "parent": "Greeter_component_XXXXXXXXXXXX",
  "ctxKind": "eventHandler",
  "ctxName": "onClick$",
  "captures": false,
  "loc": [
    256,
    264
  ]
}
*/
============================= test.tsx_Greeter_component_div_AnotherComponent_onClick_XXXXXXXXXXXX.tsx (ENTRY POINT)==
export const Greeter_component_div_AnotherComponent_onClick_XXXXXXXXXXXX = () => {};

Some('{"version":3,"sources":["/user/qwik/src/test.tsx"],"names":[],"mappings":"0EASoC,KAAO"}');
/*
{
  "origin": "test.tsx",
  "name": "Greeter_component_div_AnotherComponent_onClick_XXXXXXXXXXXX",
  "entry": null,
  "displayName": "test.tsx_Greeter_component_div_AnotherComponent_onClick",
  "hash": "XXXXXXXXXXXX",
  "canonicalFilename": "test.tsx_Greeter_component_div_AnotherComponent_onClick_XXXXXXXXXXXX",
  "path": "",
  "extension": "tsx",
  "parent": "Greeter_component_XXXXXXXXXXXX",
  "ctxKind": "eventHandler",
  "ctxName": "onClick$",
  "captures": false,
  "loc": [
    334,
    342
  ]
}
*/
== DIAGNOSTICS ==

[]
