---
source: crates/qwik-optimizer-oxc/tests/snapshot_tests.rs
expression: output
---
=== test.jsx ===
import { componentQrl } from "@qwik.dev/core";
import { qrl } from "@qwik.dev/core";
import { _jsxSorted } from "@qwik.dev/core";
const i_gZqPatVoDqw = () => import("./test_Foo_component_gZqPatVoDqw");
const i_OJboCLusyIA = () => import("./test_Foo_component_div_q_e_click_OJboCLusyIA");
const i_YvjM3SoLvrM = () => import("./test_Root_component_YvjM3SoLvrM");
const i_JSvK9zVuQxw = () => import("./test_Root_JSvK9zVuQxw");
const i_JSvK9zVuQxw = () => import("./test_Root_JSvK9zVuQxw");
import { $, component$, useStyles } from "@qwik.dev/core";
import { qrl } from "@qwik.dev/core/what";
export const hW = 12;
export const handleWatch = 42;
const componentQrl = () => console.log("not this", qrl());
componentQrl();
export const Foo = /* @__PURE__ */ componentQrl(/* @__PURE__ */ qrl(i_gZqPatVoDqw, "Foo_component_gZqPatVoDqw"));
export const Root = /* @__PURE__ */ componentQrl(/* @__PURE__ */ qrl(i_YvjM3SoLvrM, "Root_component_YvjM3SoLvrM"));

=== test.tsx_Foo_component_gZqPatVoDqw.jsx === (ENTRY)
import { qrl } from "@qwik.dev/core";
const i_OJboCLusyIA = () => import("./test.tsx_Foo_component_div_q_e_click_OJboCLusyIA");
import { _jsxSorted } from "@qwik.dev/core";
export const Foo_component_gZqPatVoDqw = () => {
	useStyles$("thing");
	const qwik = hW + handleWatch;
	console.log(qwik);
	const qrl = 23;
	return /* @__PURE__ */ _jsxSorted("div", null, { "q-e:click": () => console.log(qrl) }, null, 3, "u6_0");
};

=== test.tsx_Foo_component_div_q_e_click_OJboCLusyIA.jsx === (ENTRY)


=== test.tsx_Root_component_YvjM3SoLvrM.jsx === (ENTRY)
import { qrl } from "@qwik.dev/core";
const i_JSvK9zVuQxw = () => import("./test.tsx_Root_JSvK9zVuQxw");
const i_JSvK9zVuQxw = () => import("./test.tsx_Root_JSvK9zVuQxw");
export const Root_component_YvjM3SoLvrM = () => {
	useStyles(/* @__PURE__ */ qrl(i_JSvK9zVuQxw, "Root_JSvK9zVuQxw"));
	return /* @__PURE__ */ qrl(i_JSvK9zVuQxw, "Root_JSvK9zVuQxw");
};

=== test.tsx_Root_JSvK9zVuQxw.jsx === (ENTRY)
export const Root_JSvK9zVuQxw = "thing";

=== test.tsx_Root_JSvK9zVuQxw.jsx === (ENTRY)
import { _jsxSorted } from "@qwik.dev/core";
export const Root_JSvK9zVuQxw = () => {
	return /* @__PURE__ */ _jsxSorted("div", null, null, null, 3, null);
};
