---
source: crates/qwik-optimizer-oxc/tests/test.rs
expression: output
---
=== INPUT ===
import { $, component$ } from "@qwik.dev/core";

export const Foo = component$(
  () => {
    return $(() => {
      const handler = $(() => console.log("reused"));
      return (
        <div
          onClick$={() => console.log("onClick$")}
          onDocumentScroll$={() => console.log("onDocumentScroll")}
          onDocumentScroll$={() => console.log("onWindowScroll")}
          on-cLick$={() => console.log("on-cLick$")}
          onDocument-sCroll$={() => console.log("onDocument-sCroll")}
          onDocument-scroLL$={() => console.log("onDocument-scroLL")}
          host:onClick$={() => console.log("host:onClick$")}
          host:onDocumentScroll$={() => console.log("host:onDocument:scroll")}
          host:onDocumentScroll$={() => console.log("host:onWindow:scroll")}
          onKeyup$={handler}
          onDocument:keyup$={handler}
          onWindow:keyup$={handler}
          custom$={() => console.log("custom")}
        />
      );
    });
  },
  {
    tagName: "my-foo",
  },
);

=== test.js ===
import { componentQrl } from "@qwik.dev/core";
import { qrl } from "@qwik.dev/core";
import { _jsxSorted } from "@qwik.dev/core";
const i_gZqPatVoDqw = () => import("./test.tsx_Foo_component_gZqPatVoDqw");
const i_T0dY5k6mBgU = () => import("./test.tsx_Foo_T0dY5k6mBgU");
const i_u4Tb48t5JC8 = () => import("./test.tsx_handler_u4Tb48t5JC8");
const i_KKzu5KN5Myk = () => import("./test.tsx_Foo_div_q_e_click_KKzu5KN5Myk");
const i_o1AVWCNjT0c = () => import("./test.tsx_Foo_div_q_e_documentscroll_o1AVWCNjT0c");
const i_o1AVWCNjT0c = () => import("./test.tsx_Foo_div_q_e_documentscroll_o1AVWCNjT0c");
const i_7EsQAjtgDrQ = () => import("./test.tsx_Foo_div_q_e_-click_7EsQAjtgDrQ");
const i_SgoZQWmAm94 = () => import("./test.tsx_Foo_div_q_e_document-scroll_SgoZQWmAm94");
const i_SgoZQWmAm94 = () => import("./test.tsx_Foo_div_q_e_document-scroll_SgoZQWmAm94");
const i_KKzu5KN5Myk = () => import("./test.tsx_Foo_div_q_e_click_KKzu5KN5Myk");
const i_o1AVWCNjT0c = () => import("./test.tsx_Foo_div_q_e_documentscroll_o1AVWCNjT0c");
const i_o1AVWCNjT0c = () => import("./test.tsx_Foo_div_q_e_documentscroll_o1AVWCNjT0c");
const i_Co0pSPo5J9E = () => import("./test.tsx_Foo_div_custom_Co0pSPo5J9E");
export const Foo = /* @__PURE__ */ componentQrl(
  /* @__PURE__ */ qrl(i_gZqPatVoDqw, "Foo_component_gZqPatVoDqw"),
);

=== test.tsx_Foo_component_gZqPatVoDqw.js === (ENTRY)
import { qrl } from "@qwik.dev/core";
const i_T0dY5k6mBgU = () => import("./test.tsx_Foo_T0dY5k6mBgU");
export const Foo_component_gZqPatVoDqw = () => {
  return /* @__PURE__ */ qrl(i_T0dY5k6mBgU, "Foo_T0dY5k6mBgU");
};

/*
{
  "origin": "test.tsx",
  "name": "Foo_component_gZqPatVoDqw",
  "entry": null,
  "displayName": "test.tsx_Foo_component",
  "hash": "gZqPatVoDqw",
  "canonicalFilename": "test.tsx_Foo_component_gZqPatVoDqw",
  "path": "",
  "extension": "js",
  "parent": null,
  "ctxKind": "function",
  "ctxName": "component$",
  "captures": false
}
*/

=== test.tsx_Foo_T0dY5k6mBgU.js === (ENTRY)
import { qrl } from "@qwik.dev/core";
const i_u4Tb48t5JC8 = () => import("./test.tsx_handler_u4Tb48t5JC8");
const i_KKzu5KN5Myk = () => import("./test.tsx_Foo_div_q_e_click_KKzu5KN5Myk");
const i_o1AVWCNjT0c = () => import("./test.tsx_Foo_div_q_e_documentscroll_o1AVWCNjT0c");
const i_o1AVWCNjT0c = () => import("./test.tsx_Foo_div_q_e_documentscroll_o1AVWCNjT0c");
const i_7EsQAjtgDrQ = () => import("./test.tsx_Foo_div_q_e_-click_7EsQAjtgDrQ");
const i_SgoZQWmAm94 = () => import("./test.tsx_Foo_div_q_e_document-scroll_SgoZQWmAm94");
const i_SgoZQWmAm94 = () => import("./test.tsx_Foo_div_q_e_document-scroll_SgoZQWmAm94");
const i_KKzu5KN5Myk = () => import("./test.tsx_Foo_div_q_e_click_KKzu5KN5Myk");
const i_o1AVWCNjT0c = () => import("./test.tsx_Foo_div_q_e_documentscroll_o1AVWCNjT0c");
const i_o1AVWCNjT0c = () => import("./test.tsx_Foo_div_q_e_documentscroll_o1AVWCNjT0c");
const i_Co0pSPo5J9E = () => import("./test.tsx_Foo_div_custom_Co0pSPo5J9E");
import { _jsxSorted } from "@qwik.dev/core";
export const Foo_T0dY5k6mBgU = () => {
  const handler = /* @__PURE__ */ qrl(i_u4Tb48t5JC8, "handler_u4Tb48t5JC8");
  return /* @__PURE__ */ _jsxSorted(
    "div",
    null,
    {
      "q-e:click": /* @__PURE__ */ qrl(i_KKzu5KN5Myk, "Foo_div_q_e_click_KKzu5KN5Myk"),
      "q-e:documentscroll": /* @__PURE__ */ qrl(
        i_o1AVWCNjT0c,
        "Foo_div_q_e_documentscroll_o1AVWCNjT0c",
      ),
      "q-e:documentscroll": /* @__PURE__ */ qrl(
        i_o1AVWCNjT0c,
        "Foo_div_q_e_documentscroll_o1AVWCNjT0c",
      ),
      "q-e:-click": /* @__PURE__ */ qrl(i_7EsQAjtgDrQ, "Foo_div_q_e_-click_7EsQAjtgDrQ"),
      "q-e:document-scroll": /* @__PURE__ */ qrl(
        i_SgoZQWmAm94,
        "Foo_div_q_e_document-scroll_SgoZQWmAm94",
      ),
      "q-e:document-scroll": /* @__PURE__ */ qrl(
        i_SgoZQWmAm94,
        "Foo_div_q_e_document-scroll_SgoZQWmAm94",
      ),
      "host:onClick$": /* @__PURE__ */ qrl(i_KKzu5KN5Myk, "Foo_div_q_e_click_KKzu5KN5Myk"),
      "host:onDocumentScroll$": /* @__PURE__ */ qrl(
        i_o1AVWCNjT0c,
        "Foo_div_q_e_documentscroll_o1AVWCNjT0c",
      ),
      "host:onDocumentScroll$": /* @__PURE__ */ qrl(
        i_o1AVWCNjT0c,
        "Foo_div_q_e_documentscroll_o1AVWCNjT0c",
      ),
      "q-e:keyup": handler,
      "q-e:document:keyup": handler,
      "q-e:window:keyup": handler,
      custom$: /* @__PURE__ */ qrl(i_Co0pSPo5J9E, "Foo_div_custom_Co0pSPo5J9E"),
    },
    null,
    3,
    "u6_0",
  );
};

/*
{
  "origin": "test.tsx",
  "name": "Foo_T0dY5k6mBgU",
  "entry": null,
  "displayName": "test.tsx_Foo",
  "hash": "T0dY5k6mBgU",
  "canonicalFilename": "test.tsx_Foo_T0dY5k6mBgU",
  "path": "",
  "extension": "js",
  "parent": "test.tsx_Foo_component",
  "ctxKind": "function",
  "ctxName": "$",
  "captures": false
}
*/

=== test.tsx_handler_u4Tb48t5JC8.js === (ENTRY)
export const handler_u4Tb48t5JC8 = () => console.log("reused");

/*
{
  "origin": "test.tsx",
  "name": "handler_u4Tb48t5JC8",
  "entry": null,
  "displayName": "test.tsx_handler",
  "hash": "u4Tb48t5JC8",
  "canonicalFilename": "test.tsx_handler_u4Tb48t5JC8",
  "path": "",
  "extension": "js",
  "parent": "test.tsx_Foo",
  "ctxKind": "function",
  "ctxName": "$",
  "captures": false
}
*/

=== test.tsx_Foo_div_q_e_click_KKzu5KN5Myk.js === (ENTRY)
export const Foo_div_q_e_click_KKzu5KN5Myk = () => console.log("onClick$");

/*
{
  "origin": "test.tsx",
  "name": "Foo_div_q_e_click_KKzu5KN5Myk",
  "entry": null,
  "displayName": "test.tsx_Foo_div_q_e_click",
  "hash": "KKzu5KN5Myk",
  "canonicalFilename": "test.tsx_Foo_div_q_e_click_KKzu5KN5Myk",
  "path": "",
  "extension": "js",
  "parent": "test.tsx_Foo",
  "ctxKind": "eventHandler",
  "ctxName": "onClick$",
  "captures": false
}
*/

=== test.tsx_Foo_div_q_e_documentscroll_o1AVWCNjT0c.js === (ENTRY)
export const Foo_div_q_e_documentscroll_o1AVWCNjT0c = () => console.log("onDocumentScroll");

/*
{
  "origin": "test.tsx",
  "name": "Foo_div_q_e_documentscroll_o1AVWCNjT0c",
  "entry": null,
  "displayName": "test.tsx_Foo_div_q_e_documentscroll",
  "hash": "o1AVWCNjT0c",
  "canonicalFilename": "test.tsx_Foo_div_q_e_documentscroll_o1AVWCNjT0c",
  "path": "",
  "extension": "js",
  "parent": "test.tsx_Foo",
  "ctxKind": "eventHandler",
  "ctxName": "onDocumentScroll$",
  "captures": false
}
*/

=== test.tsx_Foo_div_q_e_documentscroll_o1AVWCNjT0c.js === (ENTRY)
export const Foo_div_q_e_documentscroll_o1AVWCNjT0c = () => console.log("onWindowScroll");

/*
{
  "origin": "test.tsx",
  "name": "Foo_div_q_e_documentscroll_o1AVWCNjT0c",
  "entry": null,
  "displayName": "test.tsx_Foo_div_q_e_documentscroll",
  "hash": "o1AVWCNjT0c",
  "canonicalFilename": "test.tsx_Foo_div_q_e_documentscroll_o1AVWCNjT0c",
  "path": "",
  "extension": "js",
  "parent": "test.tsx_Foo",
  "ctxKind": "eventHandler",
  "ctxName": "onDocumentScroll$",
  "captures": false
}
*/

=== test.tsx_Foo_div_q_e_-click_7EsQAjtgDrQ.js === (ENTRY)
export const Foo_div_q_e_-click_7EsQAjtgDrQ = () => console.log("on-cLick$")

/*
{
  "origin": "test.tsx",
  "name": "Foo_div_q_e_-click_7EsQAjtgDrQ",
  "entry": null,
  "displayName": "test.tsx_Foo_div_q_e_-click",
  "hash": "7EsQAjtgDrQ",
  "canonicalFilename": "test.tsx_Foo_div_q_e_-click_7EsQAjtgDrQ",
  "path": "",
  "extension": "js",
  "parent": "test.tsx_Foo",
  "ctxKind": "eventHandler",
  "ctxName": "on-cLick$",
  "captures": false
}
*/

=== test.tsx_Foo_div_q_e_document-scroll_SgoZQWmAm94.js === (ENTRY)
export const Foo_div_q_e_document-scroll_SgoZQWmAm94 = () => console.log("onDocument-sCroll")

/*
{
  "origin": "test.tsx",
  "name": "Foo_div_q_e_document-scroll_SgoZQWmAm94",
  "entry": null,
  "displayName": "test.tsx_Foo_div_q_e_document-scroll",
  "hash": "SgoZQWmAm94",
  "canonicalFilename": "test.tsx_Foo_div_q_e_document-scroll_SgoZQWmAm94",
  "path": "",
  "extension": "js",
  "parent": "test.tsx_Foo",
  "ctxKind": "eventHandler",
  "ctxName": "onDocument-sCroll$",
  "captures": false
}
*/

=== test.tsx_Foo_div_q_e_document-scroll_SgoZQWmAm94.js === (ENTRY)
export const Foo_div_q_e_document-scroll_SgoZQWmAm94 = () => console.log("onDocument-scroLL")

/*
{
  "origin": "test.tsx",
  "name": "Foo_div_q_e_document-scroll_SgoZQWmAm94",
  "entry": null,
  "displayName": "test.tsx_Foo_div_q_e_document-scroll",
  "hash": "SgoZQWmAm94",
  "canonicalFilename": "test.tsx_Foo_div_q_e_document-scroll_SgoZQWmAm94",
  "path": "",
  "extension": "js",
  "parent": "test.tsx_Foo",
  "ctxKind": "eventHandler",
  "ctxName": "onDocument-scroLL$",
  "captures": false
}
*/

=== test.tsx_Foo_div_q_e_click_KKzu5KN5Myk.js === (ENTRY)
export const Foo_div_q_e_click_KKzu5KN5Myk = () => console.log("host:onClick$");

/*
{
  "origin": "test.tsx",
  "name": "Foo_div_q_e_click_KKzu5KN5Myk",
  "entry": null,
  "displayName": "test.tsx_Foo_div_q_e_click",
  "hash": "KKzu5KN5Myk",
  "canonicalFilename": "test.tsx_Foo_div_q_e_click_KKzu5KN5Myk",
  "path": "",
  "extension": "js",
  "parent": "test.tsx_Foo",
  "ctxKind": "eventHandler",
  "ctxName": "host:onClick$",
  "captures": false
}
*/

=== test.tsx_Foo_div_q_e_documentscroll_o1AVWCNjT0c.js === (ENTRY)
export const Foo_div_q_e_documentscroll_o1AVWCNjT0c = () => console.log("host:onDocument:scroll");

/*
{
  "origin": "test.tsx",
  "name": "Foo_div_q_e_documentscroll_o1AVWCNjT0c",
  "entry": null,
  "displayName": "test.tsx_Foo_div_q_e_documentscroll",
  "hash": "o1AVWCNjT0c",
  "canonicalFilename": "test.tsx_Foo_div_q_e_documentscroll_o1AVWCNjT0c",
  "path": "",
  "extension": "js",
  "parent": "test.tsx_Foo",
  "ctxKind": "eventHandler",
  "ctxName": "host:onDocumentScroll$",
  "captures": false
}
*/

=== test.tsx_Foo_div_q_e_documentscroll_o1AVWCNjT0c.js === (ENTRY)
export const Foo_div_q_e_documentscroll_o1AVWCNjT0c = () => console.log("host:onWindow:scroll");

/*
{
  "origin": "test.tsx",
  "name": "Foo_div_q_e_documentscroll_o1AVWCNjT0c",
  "entry": null,
  "displayName": "test.tsx_Foo_div_q_e_documentscroll",
  "hash": "o1AVWCNjT0c",
  "canonicalFilename": "test.tsx_Foo_div_q_e_documentscroll_o1AVWCNjT0c",
  "path": "",
  "extension": "js",
  "parent": "test.tsx_Foo",
  "ctxKind": "eventHandler",
  "ctxName": "host:onDocumentScroll$",
  "captures": false
}
*/

=== test.tsx_Foo_div_custom_Co0pSPo5J9E.js === (ENTRY)
export const Foo_div_custom_Co0pSPo5J9E = () => console.log("custom");

/*
{
  "origin": "test.tsx",
  "name": "Foo_div_custom_Co0pSPo5J9E",
  "entry": null,
  "displayName": "test.tsx_Foo_div_custom",
  "hash": "Co0pSPo5J9E",
  "canonicalFilename": "test.tsx_Foo_div_custom_Co0pSPo5J9E",
  "path": "",
  "extension": "js",
  "parent": "test.tsx_Foo",
  "ctxKind": "eventHandler",
  "ctxName": "custom$",
  "captures": false
}
*/
