---
source: crates/qwik-optimizer-oxc/tests/snapshot_tests.rs
expression: output
---
=== test.js ===
import { componentQrl } from "@qwik.dev/core";
import { qrl } from "@qwik.dev/core";
import { _jsxSorted } from "@qwik.dev/core";
const i_fxETLug1yE4 = () => import("./test.tsx_Parent_component_fxETLug1yE4");
const i_ZxfKmWQYEwc = () => import("./test.tsx_useTask_ZxfKmWQYEwc");
const i_N8VjxooYvus = () => import("./test.tsx_Parent_component_div_q_e_click_N8VjxooYvus");
const i_80js9RUUsfM = () => import("./test.tsx_Child_component_80js9RUUsfM");
const i_ZxfKmWQYEwc = () => import("./test.tsx_useTask_ZxfKmWQYEwc");
const i_atbV2f006AU = () => import("./test.tsx_Child_component_div_q_e_click_atbV2f006AU");
import { useStore } from "@qwik.dev/core";
import mongo from "mongodb";
import redis from "redis";
export const Parent = /* @__PURE__ */ componentQrl(/* @__PURE__ */ qrl(i_fxETLug1yE4, "Parent_component_fxETLug1yE4"));
export const Child = /* @__PURE__ */ componentQrl(/* @__PURE__ */ qrl(i_80js9RUUsfM, "Child_component_80js9RUUsfM"));

=== test.tsx_Parent_component_fxETLug1yE4.js === (ENTRY)
import { qrl } from "@qwik.dev/core";
const i_ZxfKmWQYEwc = () => import("./test.tsx_useTask_ZxfKmWQYEwc");
const i_N8VjxooYvus = () => import("./test.tsx_Parent_component_div_q_e_click_N8VjxooYvus");
import { useTaskQrl } from "@qwik.dev/core";
import { _jsxSorted } from "@qwik.dev/core";
export const Parent_component_fxETLug1yE4 = () => {
	const state = useStore({ text: "" });
	useTaskQrl(/* @__PURE__ */ qrl(i_ZxfKmWQYEwc, "useTask_ZxfKmWQYEwc", [state]));
	return /* @__PURE__ */ _jsxSorted("div", null, { "q-e:click": () => console.log("parent") }, state.text, 3, "u6_0");
};

=== test.tsx_useTask_ZxfKmWQYEwc.js === (ENTRY)
import { _captures } from "@qwik.dev/core";
export const useTask_ZxfKmWQYEwc = async () => {
	const state = _captures[0];
	state.text = await mongo.users();
	redis.set(state.text);
};

=== test.tsx_Parent_component_div_q_e_click_N8VjxooYvus.js === (ENTRY)


=== test.tsx_Child_component_80js9RUUsfM.js === (ENTRY)
import { qrl } from "@qwik.dev/core";
const i_ZxfKmWQYEwc = () => import("./test.tsx_useTask_ZxfKmWQYEwc");
const i_atbV2f006AU = () => import("./test.tsx_Child_component_div_q_e_click_atbV2f006AU");
import { useTaskQrl } from "@qwik.dev/core";
import { _jsxSorted } from "@qwik.dev/core";
export const Child_component_80js9RUUsfM = () => {
	const state = useStore({ text: "" });
	useTaskQrl(/* @__PURE__ */ qrl(i_ZxfKmWQYEwc, "useTask_ZxfKmWQYEwc", [state]));
	return /* @__PURE__ */ _jsxSorted("div", null, { "q-e:click": () => console.log("child") }, state.text, 3, "u6_1");
};

=== test.tsx_useTask_ZxfKmWQYEwc.js === (ENTRY)
import { _captures } from "@qwik.dev/core";
export const useTask_ZxfKmWQYEwc = async () => {
	const state = _captures[0];
	state.text = await mongo.users();
};

=== test.tsx_Child_component_div_q_e_click_atbV2f006AU.js === (ENTRY)
