---
source: crates/qwik-optimizer-oxc/tests/test.rs
expression: output
---
=== INPUT ===
import { component$ } from "@qwik.dev/core";

export default component$(() => {
  return <div onClick$={() => console.log(mongodb)}></div>;
});

=== src/components/mongo/404.tsx ===
import { componentQrl } from "@qwik.dev/core";
import { qrl } from "@qwik.dev/core";
const i_XXXXXXXXXXXX = () => import("./src/components/mongo/404.tsx_default_component_XXXXXXXXXXXX");
const i_XXXXXXXXXXXX = () =>
  import("./src/components/mongo/404.tsx_default_component_div_q_e_click_XXXXXXXXXXXX");
export default /* @__PURE__ */ componentQrl(
  /* @__PURE__ */ qrl(i_XXXXXXXXXXXX, "default_component_XXXXXXXXXXXX"),
);

=== src/components/mongo/404.tsx_default_component_XXXXXXXXXXXX.tsx === (ENTRY)
import { qrl } from "@qwik.dev/core";
const i_XXXXXXXXXXXX = () =>
  import("./src/components/mongo/404.tsx_default_component_div_q_e_click_XXXXXXXXXXXX");
export const default_component_XXXXXXXXXXXX = () => {
  return (
    <div
      onClick$={/* @__PURE__ */ qrl(i_XXXXXXXXXXXX, "default_component_div_q_e_click_XXXXXXXXXXXX")}
    ></div>
  );
};

/*
{
  "origin": "src/components/mongo/404.tsx",
  "name": "default_component_XXXXXXXXXXXX",
  "entry": null,
  "displayName": "src/components/mongo/404.tsx_default_component",
  "hash": "XXXXXXXXXXXX",
  "canonicalFilename": "src/components/mongo/404.tsx_default_component_XXXXXXXXXXXX",
  "path": "",
  "extension": "tsx",
  "parent": null,
  "ctxKind": "function",
  "ctxName": "component$",
  "captures": false
}
*/

=== src/components/mongo/404.tsx_default_component_div_q_e_click_XXXXXXXXXXXX.tsx === (ENTRY)
export const default_component_div_q_e_click_XXXXXXXXXXXX = () => console.log(mongodb);

/*
{
  "origin": "src/components/mongo/404.tsx",
  "name": "default_component_div_q_e_click_XXXXXXXXXXXX",
  "entry": null,
  "displayName": "src/components/mongo/404.tsx_default_component_div_q_e_click",
  "hash": "XXXXXXXXXXXX",
  "canonicalFilename": "src/components/mongo/404.tsx_default_component_div_q_e_click_XXXXXXXXXXXX",
  "path": "",
  "extension": "tsx",
  "parent": "src/components/mongo/404.tsx_default_component",
  "ctxKind": "eventHandler",
  "ctxName": "onClick$",
  "captures": false
}
*/

=== DIAGNOSTICS ===

[]
