---
source: crates/qwik-optimizer-oxc/tests/snapshot_tests.rs
expression: output
---
=== test.js ===
import { _jsxSorted } from "@qwik.dev/core";
import { useStore } from "@qwik.dev/core";
import { wrap } from "@qwik.dev/core";
import { useEffect } from "@qwik.dev/core";
export const useMemo$ = (qrt) => {
	useEffect(qrt);
};
export const App = component$((props) => {
	const state = useStore({ count: 0 });
	useMemo$(() => {
		console.log(state.count);
	});
	return $(() => /* @__PURE__ */ _jsxSorted("div", null, null, state.count, 3, "u6_0"));
});
