---
source: crates/qwik-optimizer-oxc/tests/snapshot_tests.rs
expression: output
---
=== src/components/mongo/404.tsx ===
import { componentQrl } from "@qwik.dev/core";
import { qrl } from "@qwik.dev/core";
const i_PS0fTRVnPOE = () => import("./src/components/mongo/404.tsx_default_component_PS0fTRVnPOE");
const i_41GceC3v3n8 = () => import("./src/components/mongo/404.tsx_default_component_div_q_e_click_41GceC3v3n8");
export default /* @__PURE__ */ componentQrl(/* @__PURE__ */ qrl(i_PS0fTRVnPOE, "default_component_PS0fTRVnPOE"));

=== src/components/mongo/404.tsx_default_component_PS0fTRVnPOE.tsx === (ENTRY)
import { qrl } from "@qwik.dev/core";
const i_41GceC3v3n8 = () => import("./src/components/mongo/404.tsx_default_component_div_q_e_click_41GceC3v3n8");
export const default_component_PS0fTRVnPOE = () => {
	return <div onClick$={() => console.log(mongodb)}>
		</div>;
}

=== src/components/mongo/404.tsx_default_component_div_q_e_click_41GceC3v3n8.tsx === (ENTRY)
