---
source: crates/qwik-optimizer-oxc/tests/test.rs
expression: output
---
=== INPUT ===
import {
  component$,
  serverLoader$,
  serverStuff$,
  $,
  client$,
  useStore,
  useTask$,
} from "@qwik.dev/core";
import { isServer } from "@qwik.dev/core";
import mongo from "mongodb";
import redis from "redis";
import { handler } from "serverless";

export const Parent = component$(() => {
  const state = useStore({
    text: "",
  });

  // Double count watch
  useTask$(async () => {
    if (!isServer) return;
    state.text = await mongo.users();
    redis.set(state.text);
  });

  serverStuff$(async () => {
    // should be removed too
    const a = $(() => {
      // from $(), should not be removed
    });
    const b = client$(() => {
      // from clien$(), should not be removed
    });
    return [a, b];
  });

  serverLoader$(handler);

  useTask$(() => {
    // Code
  });

  return <div onClick$={() => console.log("parent")}>{state.text}</div>;
});

=== test.js ===
import { componentQrl } from "@qwik.dev/core";
import { qrl } from "@qwik.dev/core";
import { _jsxSorted } from "@qwik.dev/core";
import { _noopQrl } from "@qwik.dev/core";
const i_XXXXXXXXXXXX = () => import("./test.tsx_Parent_component_XXXXXXXXXXXX");
const i_XXXXXXXXXXXX = () => import("./test.tsx_useTask_XXXXXXXXXXXX");
const i_XXXXXXXXXXXX = () => import("./test.tsx_a_XXXXXXXXXXXX");
const i_XXXXXXXXXXXX = () => import("./test.tsx_b_client_XXXXXXXXXXXX");
const i_XXXXXXXXXXXX = () => import("./test.tsx_useTask_XXXXXXXXXXXX");
const i_XXXXXXXXXXXX = () => import("./test.tsx_Parent_component_div_q_e_click_XXXXXXXXXXXX");
import { useStore } from "@qwik.dev/core";
import mongo from "mongodb";
import redis from "redis";
import { handler } from "serverless";
export const Parent = /* @__PURE__ */ componentQrl(
  /* @__PURE__ */ qrl(i_XXXXXXXXXXXX, "Parent_component_XXXXXXXXXXXX"),
);

=== test.tsx_Parent_component_XXXXXXXXXXXX.js === (ENTRY)
import { qrl } from "@qwik.dev/core";
const i_XXXXXXXXXXXX = () => import("./test.tsx_useTask_XXXXXXXXXXXX");
const i_XXXXXXXXXXXX = () => import("./test.tsx_useTask_XXXXXXXXXXXX");
const i_XXXXXXXXXXXX = () => import("./test.tsx_Parent_component_div_q_e_click_XXXXXXXXXXXX");
import { useTaskQrl } from "@qwik.dev/core";
import { serverStuffQrl } from "@qwik.dev/core";
import { serverLoaderQrl } from "@qwik.dev/core";
import { _jsxSorted } from "@qwik.dev/core";
import { _noopQrl } from "@qwik.dev/core";
import { useStore } from "@qwik.dev/core";
export const Parent_component_XXXXXXXXXXXX = () => {
  const state = useStore({ text: "" });
  useTaskQrl(/* @__PURE__ */ qrl(i_XXXXXXXXXXXX, "useTask_XXXXXXXXXXXX", [state]));
  serverStuffQrl(/* @__PURE__ */ _noopQrl("serverStuff_m6WhOB6TbVw"));
  serverLoaderQrl(/* @__PURE__ */ _noopQrl("serverLoader_kkNmag62Eb0"));
  useTaskQrl(/* @__PURE__ */ qrl(i_XXXXXXXXXXXX, "useTask_XXXXXXXXXXXX"));
  return /* @__PURE__ */ _jsxSorted(
    "div",
    null,
    {
      "q-e:click": /* @__PURE__ */ qrl(i_XXXXXXXXXXXX, "Parent_component_div_q_e_click_XXXXXXXXXXXX"),
    },
    state.text,
    3,
    "u6_0",
  );
};

/*
{
  "origin": "test.tsx",
  "name": "Parent_component_XXXXXXXXXXXX",
  "entry": null,
  "displayName": "test.tsx_Parent_component",
  "hash": "XXXXXXXXXXXX",
  "canonicalFilename": "test.tsx_Parent_component_XXXXXXXXXXXX",
  "path": "",
  "extension": "js",
  "parent": null,
  "ctxKind": "function",
  "ctxName": "component$",
  "captures": false
}
*/

=== test.tsx_useTask_XXXXXXXXXXXX.js === (ENTRY)
import { _captures } from "@qwik.dev/core";
import mongo from "mongodb";
import redis from "redis";
export const useTask_XXXXXXXXXXXX = async () => {
  const state = _captures[0];
  return;
  state.text = await mongo.users();
  redis.set(state.text);
};

/*
{
  "origin": "test.tsx",
  "name": "useTask_XXXXXXXXXXXX",
  "entry": null,
  "displayName": "test.tsx_useTask",
  "hash": "XXXXXXXXXXXX",
  "canonicalFilename": "test.tsx_useTask_XXXXXXXXXXXX",
  "path": "",
  "extension": "js",
  "parent": "test.tsx_Parent_component",
  "ctxKind": "function",
  "ctxName": "useTask$",
  "captures": true,
  "captureNames": [
    "state"
  ]
}
*/

=== test.tsx_a_XXXXXXXXXXXX.js === (ENTRY)
export const a_XXXXXXXXXXXX = () => {};

/*
{
  "origin": "test.tsx",
  "name": "a_XXXXXXXXXXXX",
  "entry": null,
  "displayName": "test.tsx_a",
  "hash": "XXXXXXXXXXXX",
  "canonicalFilename": "test.tsx_a_XXXXXXXXXXXX",
  "path": "",
  "extension": "js",
  "parent": "test.tsx_serverStuff",
  "ctxKind": "function",
  "ctxName": "$",
  "captures": false
}
*/

=== test.tsx_b_client_XXXXXXXXXXXX.js === (ENTRY)
export const b_client_XXXXXXXXXXXX = () => {};

/*
{
  "origin": "test.tsx",
  "name": "b_client_XXXXXXXXXXXX",
  "entry": null,
  "displayName": "test.tsx_b_client",
  "hash": "XXXXXXXXXXXX",
  "canonicalFilename": "test.tsx_b_client_XXXXXXXXXXXX",
  "path": "",
  "extension": "js",
  "parent": "test.tsx_serverStuff",
  "ctxKind": "function",
  "ctxName": "client$",
  "captures": false
}
*/

=== test.tsx_useTask_XXXXXXXXXXXX.js === (ENTRY)
export const useTask_XXXXXXXXXXXX = () => {};

/*
{
  "origin": "test.tsx",
  "name": "useTask_XXXXXXXXXXXX",
  "entry": null,
  "displayName": "test.tsx_useTask",
  "hash": "XXXXXXXXXXXX",
  "canonicalFilename": "test.tsx_useTask_XXXXXXXXXXXX",
  "path": "",
  "extension": "js",
  "parent": "test.tsx_Parent_component",
  "ctxKind": "function",
  "ctxName": "useTask$",
  "captures": false
}
*/

=== test.tsx_Parent_component_div_q_e_click_XXXXXXXXXXXX.js === (ENTRY)
export const Parent_component_div_q_e_click_XXXXXXXXXXXX = () => console.log("parent");

/*
{
  "origin": "test.tsx",
  "name": "Parent_component_div_q_e_click_XXXXXXXXXXXX",
  "entry": null,
  "displayName": "test.tsx_Parent_component_div_q_e_click",
  "hash": "XXXXXXXXXXXX",
  "canonicalFilename": "test.tsx_Parent_component_div_q_e_click_XXXXXXXXXXXX",
  "path": "",
  "extension": "js",
  "parent": "test.tsx_Parent_component",
  "ctxKind": "eventHandler",
  "ctxName": "onClick$",
  "captures": false
}
*/
