---
source: crates/qwik-optimizer-oxc/tests/snapshot_tests.rs
expression: output
---
=== test.tsx ===
import { componentQrl } from "@qwik.dev/core";
import { qrl } from "@qwik.dev/core";
const i_gZqPatVoDqw = () => import("./test_Foo_component_gZqPatVoDqw");
const i_T0dY5k6mBgU = () => import("./test_Foo_T0dY5k6mBgU");
import { $, component$ } from "@qwik.dev/core";
export const Foo = /* @__PURE__ */ componentQrl(/* @__PURE__ */ qrl(i_gZqPatVoDqw, "Foo_component_gZqPatVoDqw"));

=== test.tsx_Foo_component_gZqPatVoDqw.tsx === (ENTRY)
import { qrl } from "@qwik.dev/core";
const i_T0dY5k6mBgU = () => import("./test.tsx_Foo_T0dY5k6mBgU");
export const Foo_component_gZqPatVoDqw = () => {
	return /* @__PURE__ */ qrl(i_T0dY5k6mBgU, "Foo_T0dY5k6mBgU");
};

=== test.tsx_Foo_T0dY5k6mBgU.tsx === (ENTRY)
export const Foo_T0dY5k6mBgU = () => {
	return <div>
			</div>;
}
