---
source: crates/qwik-optimizer-oxc/tests/test.rs
expression: output
---
=== INPUT ===
import GitHub from "@auth/core/providers/github";
import Facebook from "next-auth/providers/facebook";
import Google from "next-auth/providers/google";
import { serverAuth$, auth$ } from "@auth/qwik";

export const { onRequest, logout, getSession, signup } = serverAuth$({
  providers: [
    GitHub({
      clientId: process.env.GITHUB_ID,
      clientSecret: process.env.GITHUB_SECRET,
    }),
    Facebook({
      clientId: import.meta.env.FACEBOOK_ID,
      clientSecret: import.meta.env.FACEBOOK_SECRET,
    }),
    Google({
      clientId: process.env.GOOGLE_ID,
      clientSecret: process.env.GOOGLE_SECRET,
    }),
  ],
});

export const { onRequest, logout, getSession, signup } = auth$({
  providers: [
    GitHub({
      clientId: process.env.GITHUB_ID,
      clientSecret: process.env.GITHUB_SECRET,
    }),
    Facebook({
      clientId: process.env.FACEBOOK_ID,
      clientSecret: process.env.FACEBOOK_SECRET,
    }),
    Google({
      clientId: process.env.GOOGLE_ID,
      clientSecret: process.env.GOOGLE_SECRET,
    }),
  ],
});

=== test.js ===
import { serverAuthQrl } from "@qwik.dev/core";
import { authQrl } from "@qwik.dev/core";
import { qrl } from "@qwik.dev/core";
const i_XXXXXXXXXXXX = () => import("./test.tsx_s_0_XXXXXXXXXXXX");
const i_XXXXXXXXXXXX = () => import("./test.tsx_s_1_XXXXXXXXXXXX");
import GitHub from "@auth/core/providers/github";
import Facebook from "next-auth/providers/facebook";
import Google from "next-auth/providers/google";
import { serverAuth$, auth$ } from "@auth/qwik";
export const { onRequest, logout, getSession, signup } = serverAuthQrl(/* @__PURE__ */ qrl(i_XXXXXXXXXXXX, "s_0_XXXXXXXXXXXX"));
export const { onRequest, logout, getSession, signup } = authQrl(/* @__PURE__ */ qrl(i_XXXXXXXXXXXX, "s_1_XXXXXXXXXXXX"));

=== test.tsx_s_0_XXXXXXXXXXXX.js === (ENTRY)
import GitHub from "@auth/core/providers/github";
import Facebook from "next-auth/providers/facebook";
import Google from "next-auth/providers/google";
export const s_0_XXXXXXXXXXXX = {
  providers: [
    GitHub({
      clientId: process.env.GITHUB_ID,
      clientSecret: process.env.GITHUB_SECRET,
    }),
    Facebook({
      clientId: import.meta.env.FACEBOOK_ID,
      clientSecret: import.meta.env.FACEBOOK_SECRET,
    }),
    Google({
      clientId: process.env.GOOGLE_ID,
      clientSecret: process.env.GOOGLE_SECRET,
    }),
  ],
};

/*
{
  "origin": "test.tsx",
  "name": "s_0_XXXXXXXXXXXX",
  "entry": null,
  "displayName": "test.tsx_s_0",
  "hash": "XXXXXXXXXXXX",
  "canonicalFilename": "test.tsx_s_0_XXXXXXXXXXXX",
  "path": "",
  "extension": "js",
  "parent": null,
  "ctxKind": "function",
  "ctxName": "serverAuth$",
  "captures": false
}
*/

=== test.tsx_s_1_XXXXXXXXXXXX.js === (ENTRY)
import GitHub from "@auth/core/providers/github";
import Facebook from "next-auth/providers/facebook";
import Google from "next-auth/providers/google";
export const s_1_XXXXXXXXXXXX = {
  providers: [
    GitHub({
      clientId: process.env.GITHUB_ID,
      clientSecret: process.env.GITHUB_SECRET,
    }),
    Facebook({
      clientId: process.env.FACEBOOK_ID,
      clientSecret: process.env.FACEBOOK_SECRET,
    }),
    Google({
      clientId: process.env.GOOGLE_ID,
      clientSecret: process.env.GOOGLE_SECRET,
    }),
  ],
};

/*
{
  "origin": "test.tsx",
  "name": "s_1_XXXXXXXXXXXX",
  "entry": null,
  "displayName": "test.tsx_s_1",
  "hash": "XXXXXXXXXXXX",
  "canonicalFilename": "test.tsx_s_1_XXXXXXXXXXXX",
  "path": "",
  "extension": "js",
  "parent": null,
  "ctxKind": "function",
  "ctxName": "auth$",
  "captures": false
}
*/

=== DIAGNOSTICS ===

[]
