---
source: crates/qwik-optimizer-oxc/tests/snapshot_tests.rs
expression: output
---
=== test.tsx ===
import { componentQrl } from "@qwik.dev/core";
import { useStylesQrl } from "@qwik.dev/core";
import { qrl } from "@qwik.dev/core";
const i_gZqPatVoDqw = () => import("./test_Foo_component_gZqPatVoDqw");
const i_0cZU0P2qlwk = () => import("./test_Foo_useStyles_0cZU0P2qlwk");
import { $, component$, useStyles$ } from "@qwik.dev/core";
export const Foo = /* @__PURE__ */ componentQrl(/* @__PURE__ */ qrl(i_gZqPatVoDqw, "Foo_component_gZqPatVoDqw"));

=== test.tsx_Foo_component_gZqPatVoDqw.tsx === (ENTRY)
import { qrl } from "@qwik.dev/core";
const i_0cZU0P2qlwk = () => import("./test.tsx_Foo_useStyles_0cZU0P2qlwk");
export const Foo_component_gZqPatVoDqw = () => {
	/* @__PURE__ */ useStylesQrl(/* @__PURE__ */ qrl(i_0cZU0P2qlwk, "Foo_useStyles_0cZU0P2qlwk"));
	return <div class="class" />;
}

=== test.tsx_Foo_useStyles_0cZU0P2qlwk.tsx === (ENTRY)
export const Foo_useStyles_0cZU0P2qlwk = ".class {}";
