---
source: crates/qwik-optimizer-oxc/tests/snapshot_tests.rs
expression: output
---
=== project/folder/test.tsx ===
import { componentQrl } from "@qwik.dev/core";
import { qrl } from "@qwik.dev/core";
const i_X7T1frKO0nI = () => import("./project/folder/test.tsx_Header_component_X7T1frKO0nI");
import { $, component$ } from "@qwik.dev/core";
import thing from "../state";
export function foo() {
	return import("../foo/state2");
}
export const Header = /* @__PURE__ */ componentQrl(/* @__PURE__ */ qrl(i_X7T1frKO0nI, "Header_component_X7T1frKO0nI"));

=== project/folder/test.tsx_Header_component_X7T1frKO0nI.tsx === (ENTRY)
export const Header_component_X7T1frKO0nI = () => {
	return <div>
			{import("../folder/state3")}
			{thing}
		</div>;
}
