---
source: crates/qwik-optimizer-oxc/tests/snapshot_tests.rs
expression: output
---
=== test.tsx ===
import { componentQrl } from "@qwik.dev/core";
import { qrl } from "@qwik.dev/core";
const i_qy3PjUYD8N4 = () => import("./test.tsx_App_Header_component_qy3PjUYD8N4");
const i_DjnCNf0Grco = () => import("./test.tsx_App_Header_component_div_q_e_click_DjnCNf0Grco");
export function App() {
	const Header = /* @__PURE__ */ componentQrl(/* @__PURE__ */ qrl(i_qy3PjUYD8N4, "App_Header_component_qy3PjUYD8N4"));
	return Header;
}

=== test.tsx_App_Header_component_qy3PjUYD8N4.tsx === (ENTRY)
import { qrl } from "@qwik.dev/core";
const i_DjnCNf0Grco = () => import("./test.tsx_App_Header_component_div_q_e_click_DjnCNf0Grco");
export const App_Header_component_qy3PjUYD8N4 = () => {
	console.log("mount");
	return <div onClick={/* @__PURE__ */ qrl(i_DjnCNf0Grco, "App_Header_component_div_q_e_click_DjnCNf0Grco")} />;
}

=== test.tsx_App_Header_component_div_q_e_click_DjnCNf0Grco.tsx === (ENTRY)
export const App_Header_component_div_q_e_click_DjnCNf0Grco = (ctx) => console.log(ctx);
