---
source: crates/qwik-optimizer-oxc/tests/snapshot_tests.rs
expression: output
---
=== test.js ===
import { serverQrl } from "@qwik.dev/core";
import { componentQrl } from "@qwik.dev/core";
import { qrl } from "@qwik.dev/core";
import { _jsxSorted } from "@qwik.dev/core";
import { _noopQrl } from "@qwik.dev/core";
const i_jN9ZUuuADmk = () => import("./test.tsx_default_component_jN9ZUuuADmk");
const i_zo9wkw0NBzs = () => import("./test.tsx_default_component_button_q_e_click_zo9wkw0NBzs");
import { component$ } from "@qwik.dev/core";
import { server$ } from "@qwik.dev/router";
import { clientSupabase } from "supabase";
import { Client } from "openai";
import { secret } from "./secret";
import { sideEffect } from "./secret";
const supabase = clientSupabase();
const dfd = new Client(secret);
(function() {
	console.log("run");
})();
(() => {
	console.log("run");
})();
sideEffect();
export const api = /* @__PURE__ */ serverQrl(/* @__PURE__ */ _noopQrl("api_server_qbklcEGqqcY"));
export default /* @__PURE__ */ componentQrl(/* @__PURE__ */ qrl(i_jN9ZUuuADmk, "default_component_jN9ZUuuADmk"));

=== test.tsx_default_component_jN9ZUuuADmk.js === (ENTRY)
import { qrl } from "@qwik.dev/core";
const i_zo9wkw0NBzs = () => import("./test.tsx_default_component_button_q_e_click_zo9wkw0NBzs");
import { _jsxSorted } from "@qwik.dev/core";
export const default_component_jN9ZUuuADmk = () => {
	return /* @__PURE__ */ _jsxSorted("button", null, { "q-e:click": () => await api() }, null, 3, "u6_0");
}

=== test.tsx_default_component_button_q_e_click_zo9wkw0NBzs.js === (ENTRY)


=== DIAGNOSTICS ===
[SourceError] `await` is only allowed within async functions and at the top levels of modules
