---
source: crates/qwik-optimizer-oxc/tests/snapshot_tests.rs
expression: output
---
=== test.tsx ===
import { componentQrl } from "@qwik.dev/core";
import { qrl } from "@qwik.dev/core";
const i_jN9ZUuuADmk = () => import("./test_default_component_jN9ZUuuADmk");
import { component$ } from "@qwik.dev/core";
import mongodb from "mongodb";
export const onGet = () => {
	throw "Symbol removed by Qwik Optimizer, it can not be called from current platform";
};
export default /* @__PURE__ */ componentQrl(/* @__PURE__ */ qrl(i_jN9ZUuuADmk, "default_component_jN9ZUuuADmk"));

=== test.tsx_default_component_jN9ZUuuADmk.tsx === (ENTRY)
export const default_component_jN9ZUuuADmk = () => {
	return <div>cmp</div>;
}
