---
source: crates/qwik-optimizer-oxc/tests/test.rs
expression: output
---
=== INPUT ===
import { component$, $, useStore, wrap, useEffect } from "@qwik.dev/core";

export const useMemoQrl = (qrt) => {
  useEffect(qrt);
};

export const useMemo$ = wrap(useMemoQrl);

export const App = component$((props) => {
  const state = useStore({ count: 0 });
  useMemo$(() => {
    console.log(state.count);
  });
  return $(() => <div>{state.count}</div>);
});

export const Lightweight = (props) => {
  useMemo$(() => {
    console.log(state.count);
  });
};

=== test.js ===
import { componentQrl } from "@qwik.dev/core";
import { useMemoQrl } from "@qwik.dev/core";
import { qrl } from "@qwik.dev/core";
import { _jsxSorted } from "@qwik.dev/core";
const i_XXXXXXXXXXXX = () => import("./test.tsx_App_component_XXXXXXXXXXXX");
const i_XXXXXXXXXXXX = () => import("./test.tsx_useMemo_XXXXXXXXXXXX");
const i_XXXXXXXXXXXX = () => import("./test.tsx_s__XXXXXXXXXXXX");
const i_XXXXXXXXXXXX = () => import("./test.tsx_Lightweight_useMemo_XXXXXXXXXXXX");
import { useStore } from "@qwik.dev/core";
import { wrap } from "@qwik.dev/core";
import { useEffect } from "@qwik.dev/core";
export const useMemoQrl = (qrt) => {
  useEffect(qrt);
};
export const useMemo$ = wrap(useMemoQrl);
export const App = /* @__PURE__ */ componentQrl(
  /* @__PURE__ */ qrl(i_XXXXXXXXXXXX, "App_component_XXXXXXXXXXXX"),
);
export const Lightweight = (props) => {
  useMemoQrl(/* @__PURE__ */ qrl(i_XXXXXXXXXXXX, "Lightweight_useMemo_XXXXXXXXXXXX"));
};

=== test.tsx_App_component_XXXXXXXXXXXX.js === (ENTRY)
import { qrl } from "@qwik.dev/core";
const i_XXXXXXXXXXXX = () => import("./test.tsx_useMemo_XXXXXXXXXXXX");
const i_XXXXXXXXXXXX = () => import("./test.tsx_s__XXXXXXXXXXXX");
import { useMemoQrl } from "@qwik.dev/core";
import { useStore } from "@qwik.dev/core";
export const App_component_XXXXXXXXXXXX = (props) => {
  const state = useStore({ count: 0 });
  useMemoQrl(/* @__PURE__ */ qrl(i_XXXXXXXXXXXX, "useMemo_XXXXXXXXXXXX", [state]));
  return /* @__PURE__ */ qrl(i_XXXXXXXXXXXX, "s__XXXXXXXXXXXX", [state]);
};

/*
{
  "origin": "test.tsx",
  "name": "App_component_XXXXXXXXXXXX",
  "entry": null,
  "displayName": "test.tsx_App_component",
  "hash": "XXXXXXXXXXXX",
  "canonicalFilename": "test.tsx_App_component_XXXXXXXXXXXX",
  "path": "",
  "extension": "js",
  "parent": null,
  "ctxKind": "function",
  "ctxName": "component$",
  "captures": false
}
*/

=== test.tsx_useMemo_XXXXXXXXXXXX.js === (ENTRY)
import { _captures } from "@qwik.dev/core";
export const useMemo_XXXXXXXXXXXX = () => {
  const state = _captures[0];
  console.log(state.count);
};

/*
{
  "origin": "test.tsx",
  "name": "useMemo_XXXXXXXXXXXX",
  "entry": null,
  "displayName": "test.tsx_useMemo",
  "hash": "XXXXXXXXXXXX",
  "canonicalFilename": "test.tsx_useMemo_XXXXXXXXXXXX",
  "path": "",
  "extension": "js",
  "parent": "test.tsx_App_component",
  "ctxKind": "function",
  "ctxName": "useMemo$",
  "captures": true,
  "captureNames": [
    "state"
  ]
}
*/

=== test.tsx_s__XXXXXXXXXXXX.js === (ENTRY)
import { _captures } from "@qwik.dev/core";
import { _jsxSorted } from "@qwik.dev/core";
export const s__XXXXXXXXXXXX = () => {
  const state = _captures[0];
  return /* @__PURE__ */ _jsxSorted("div", null, null, state.count, 3, "u6_0");
};

/*
{
  "origin": "test.tsx",
  "name": "s__XXXXXXXXXXXX",
  "entry": null,
  "displayName": "test.tsx_s_",
  "hash": "XXXXXXXXXXXX",
  "canonicalFilename": "test.tsx_s__XXXXXXXXXXXX",
  "path": "",
  "extension": "js",
  "parent": "test.tsx_App_component",
  "ctxKind": "function",
  "ctxName": "$",
  "captures": true,
  "captureNames": [
    "state"
  ]
}
*/

=== test.tsx_Lightweight_useMemo_XXXXXXXXXXXX.js === (ENTRY)
export const Lightweight_useMemo_XXXXXXXXXXXX = () => {
  console.log(state.count);
};

/*
{
  "origin": "test.tsx",
  "name": "Lightweight_useMemo_XXXXXXXXXXXX",
  "entry": null,
  "displayName": "test.tsx_Lightweight_useMemo",
  "hash": "XXXXXXXXXXXX",
  "canonicalFilename": "test.tsx_Lightweight_useMemo_XXXXXXXXXXXX",
  "path": "",
  "extension": "js",
  "parent": null,
  "ctxKind": "function",
  "ctxName": "useMemo$",
  "captures": false
}
*/

=== DIAGNOSTICS ===

[]
