---
source: crates/qwik-optimizer-oxc/tests/snapshot_tests.rs
expression: output
---
=== test.jsx ===
import { componentQrl } from "@qwik.dev/core";
import { inlinedQrl } from "@qwik.dev/core";
import { component$ } from "@qwik.dev/core";
export const AtomStatus = /* @__PURE__ */ componentQrl(/* @__PURE__ */ inlinedQrl((_rawProps) => {
	let status = _rawProps.atom.status;
	if (!_rawProps.atom.real) {
		status = "WILL-VANISH";
	} else if (JSON.stringify(undefined) == JSON.stringify(undefined)) {
		status = "WTFED";
	}
	return <span title={atom.ID} onClick$={(ev) => atomStatusClick(ctx, ev, [atom])} class={[
		"atom",
		status,
		ctx.store[atom.ID] ? "selected" : null
	]}>
		</span>;
}, "AtomStatus_component_BHJ0BemzHIo"));
