---
source: crates/qwik-optimizer-oxc/tests/test.rs
expression: output
---
=== INPUT ===
import { $, component$ } from "@qwik.dev/core";

export const Header = component$(() => {
  return $((hola) => {
    const hola = this;
    const { something, styff } = hola;
    const hello = hola.nothere.stuff[global];
    return <Header />;
  });
});

=== test.tsx ===
import { componentQrl } from "@qwik.dev/core";
import { qrl } from "@qwik.dev/core";
const i_Qw9nV3mG0KQ = () => import("./test.tsx_Header_component_Qw9nV3mG0KQ");
const i_QrzcmFeRo0o = () => import("./test.tsx_Header_QrzcmFeRo0o");
export const Header = /* @__PURE__ */ componentQrl(/* @__PURE__ */ qrl(i_Qw9nV3mG0KQ, "Header_component_Qw9nV3mG0KQ"));

=== test.tsx_Header_component_Qw9nV3mG0KQ.tsx === (ENTRY)
import { qrl } from "@qwik.dev/core";
const i_QrzcmFeRo0o = () => import("./test.tsx_Header_QrzcmFeRo0o");
export const Header_component_Qw9nV3mG0KQ = () => {
	return /* @__PURE__ */ qrl(i_QrzcmFeRo0o, "Header_QrzcmFeRo0o");
};

/*
{
  "origin": "test.tsx",
  "name": "Header_component_Qw9nV3mG0KQ",
  "entry": null,
  "displayName": "test.tsx_Header_component",
  "hash": "Qw9nV3mG0KQ",
  "canonicalFilename": "test.tsx_Header_component_Qw9nV3mG0KQ",
  "path": "",
  "extension": "tsx",
  "parent": null,
  "ctxKind": "function",
  "ctxName": "component$",
  "captures": false
}
*/

=== test.tsx_Header_QrzcmFeRo0o.tsx === (ENTRY)
import { Header } from "./test";
export const Header_QrzcmFeRo0o = (hola) => {
	const hola = this;
	const { something, styff } = hola;
	const hello = hola.nothere.stuff[global];
	return <Header />;
}

/*
{
  "origin": "test.tsx",
  "name": "Header_QrzcmFeRo0o",
  "entry": null,
  "displayName": "test.tsx_Header",
  "hash": "QrzcmFeRo0o",
  "canonicalFilename": "test.tsx_Header_QrzcmFeRo0o",
  "path": "",
  "extension": "tsx",
  "parent": "test.tsx_Header_component",
  "ctxKind": "function",
  "ctxName": "$",
  "captures": false
}
*/
