---
source: crates/qwik-optimizer-oxc/tests/test.rs
expression: output
---
=== INPUT ===
import { $, component$ } from "@qwik.dev/core";

export const Foo = component$(
  (props) => {
    return (
      <div>
        <Button {...props} />
        <ButtonArrow {...props} />
      </div>
    );
  },
  {
    tagName: "my-foo",
  },
);

export function Button({ text, color }) {
  return (
    <button onColor$={color} onClick$={() => console.log(text, color)}>
      {text}
    </button>
  );
}

export const ButtonArrow = ({ text, color }) => {
  return (
    <button onColor$={color} onClick$={() => console.log(text, color)}>
      {text}
    </button>
  );
};

=== test.tsx ===
import { componentQrl } from "@qwik.dev/core";
import { qrl } from "@qwik.dev/core";
const i_gZqPatVoDqw = () => import("./test.tsx_Foo_component_gZqPatVoDqw");
const i_ODPc00H0FSA = () => import("./test.tsx_button_q_e_click_ODPc00H0FSA");
const i_ODPc00H0FSA = () => import("./test.tsx_button_q_e_click_ODPc00H0FSA");
export const Foo = /* @__PURE__ */ componentQrl(/* @__PURE__ */ qrl(i_gZqPatVoDqw, "Foo_component_gZqPatVoDqw"));
export function Button({ text, color }) {
	return <button onColor$={color} onClick$={/* @__PURE__ */ qrl(i_ODPc00H0FSA, "button_q_e_click_ODPc00H0FSA", [text, color])}>
      {text}
    </button>;
}
export const ButtonArrow = ({ text, color }) => {
	return <button onColor$={color} onClick$={/* @__PURE__ */ qrl(i_ODPc00H0FSA, "button_q_e_click_ODPc00H0FSA", [text, color])}>
      {text}
    </button>;
};

=== test.tsx_Foo_component_gZqPatVoDqw.tsx === (ENTRY)
import { Button } from "./test";
import { ButtonArrow } from "./test";
export const Foo_component_gZqPatVoDqw = (props) => {
	return <div>
        <Button {...props} />
        <ButtonArrow {...props} />
      </div>;
}

/*
{
  "origin": "test.tsx",
  "name": "Foo_component_gZqPatVoDqw",
  "entry": null,
  "displayName": "test.tsx_Foo_component",
  "hash": "gZqPatVoDqw",
  "canonicalFilename": "test.tsx_Foo_component_gZqPatVoDqw",
  "path": "",
  "extension": "tsx",
  "parent": null,
  "ctxKind": "function",
  "ctxName": "component$",
  "captures": false
}
*/

=== test.tsx_button_q_e_click_ODPc00H0FSA.tsx === (ENTRY)
import { _captures } from "@qwik.dev/core";
export const button_q_e_click_ODPc00H0FSA = () => {
	const text = _captures[0];
	const color = _captures[1];
	return console.log(text, color);
};

/*
{
  "origin": "test.tsx",
  "name": "button_q_e_click_ODPc00H0FSA",
  "entry": null,
  "displayName": "test.tsx_button_q_e_click",
  "hash": "ODPc00H0FSA",
  "canonicalFilename": "test.tsx_button_q_e_click_ODPc00H0FSA",
  "path": "",
  "extension": "tsx",
  "parent": null,
  "ctxKind": "eventHandler",
  "ctxName": "onClick$",
  "captures": true,
  "captureNames": [
    "text",
    "color"
  ]
}
*/

=== test.tsx_button_q_e_click_ODPc00H0FSA.tsx === (ENTRY)
import { _captures } from "@qwik.dev/core";
export const button_q_e_click_ODPc00H0FSA = () => {
	const text = _captures[0];
	const color = _captures[1];
	return console.log(text, color);
};

/*
{
  "origin": "test.tsx",
  "name": "button_q_e_click_ODPc00H0FSA",
  "entry": null,
  "displayName": "test.tsx_button_q_e_click",
  "hash": "ODPc00H0FSA",
  "canonicalFilename": "test.tsx_button_q_e_click_ODPc00H0FSA",
  "path": "",
  "extension": "tsx",
  "parent": null,
  "ctxKind": "eventHandler",
  "ctxName": "onClick$",
  "captures": true,
  "captureNames": [
    "text",
    "color"
  ]
}
*/
