---
source: crates/qwik-optimizer-oxc/tests/test.rs
expression: output
---
=== INPUT ===
import { $, component$ } from "@qwik.dev/core";

export const Foo = component$(
  (props) => {
    return (
      <div>
        <Button {...props} />
        <ButtonArrow {...props} />
      </div>
    );
  },
  {
    tagName: "my-foo",
  },
);

export function Button({ text, color }) {
  return (
    <button onColor$={color} onClick$={() => console.log(text, color)}>
      {text}
    </button>
  );
}

export const ButtonArrow = ({ text, color }) => {
  return (
    <button onColor$={color} onClick$={() => console.log(text, color)}>
      {text}
    </button>
  );
};

=== test.tsx ===
import { componentQrl } from "@qwik.dev/core";
import { qrl } from "@qwik.dev/core";
const i_XXXXXXXXXXXX = () => import("./test.tsx_Foo_component_XXXXXXXXXXXX");
const i_XXXXXXXXXXXX = () => import("./test.tsx_button_q_e_click_XXXXXXXXXXXX");
const i_XXXXXXXXXXXX = () => import("./test.tsx_button_q_e_click_XXXXXXXXXXXX");
export const Foo = /* @__PURE__ */ componentQrl(
  /* @__PURE__ */ qrl(i_XXXXXXXXXXXX, "Foo_component_XXXXXXXXXXXX"),
);
export function Button({ text, color }) {
  return (
    <button
      onColor$={color}
      onClick$={/* @__PURE__ */ qrl(i_XXXXXXXXXXXX, "button_q_e_click_XXXXXXXXXXXX", [text, color])}
    >
      {text}
    </button>
  );
}
export const ButtonArrow = ({ text, color }) => {
  return (
    <button
      onColor$={color}
      onClick$={/* @__PURE__ */ qrl(i_XXXXXXXXXXXX, "button_q_e_click_XXXXXXXXXXXX", [text, color])}
    >
      {text}
    </button>
  );
};

=== test.tsx_Foo_component_XXXXXXXXXXXX.tsx === (ENTRY)
import { Button } from "./test";
import { ButtonArrow } from "./test";
export const Foo_component_XXXXXXXXXXXX = (props) => {
  return (
    <div>
      <Button {...props} />
      <ButtonArrow {...props} />
    </div>
  );
};

/*
{
  "origin": "test.tsx",
  "name": "Foo_component_XXXXXXXXXXXX",
  "entry": null,
  "displayName": "test.tsx_Foo_component",
  "hash": "XXXXXXXXXXXX",
  "canonicalFilename": "test.tsx_Foo_component_XXXXXXXXXXXX",
  "path": "",
  "extension": "tsx",
  "parent": null,
  "ctxKind": "function",
  "ctxName": "component$",
  "captures": false
}
*/

=== test.tsx_button_q_e_click_XXXXXXXXXXXX.tsx === (ENTRY)
import { _captures } from "@qwik.dev/core";
export const button_q_e_click_XXXXXXXXXXXX = () => {
  const text = _captures[0];
  const color = _captures[1];
  return console.log(text, color);
};

/*
{
  "origin": "test.tsx",
  "name": "button_q_e_click_XXXXXXXXXXXX",
  "entry": null,
  "displayName": "test.tsx_button_q_e_click",
  "hash": "XXXXXXXXXXXX",
  "canonicalFilename": "test.tsx_button_q_e_click_XXXXXXXXXXXX",
  "path": "",
  "extension": "tsx",
  "parent": null,
  "ctxKind": "eventHandler",
  "ctxName": "onClick$",
  "captures": true,
  "captureNames": [
    "text",
    "color"
  ]
}
*/

=== test.tsx_button_q_e_click_XXXXXXXXXXXX.tsx === (ENTRY)
import { _captures } from "@qwik.dev/core";
export const button_q_e_click_XXXXXXXXXXXX = () => {
  const text = _captures[0];
  const color = _captures[1];
  return console.log(text, color);
};

/*
{
  "origin": "test.tsx",
  "name": "button_q_e_click_XXXXXXXXXXXX",
  "entry": null,
  "displayName": "test.tsx_button_q_e_click",
  "hash": "XXXXXXXXXXXX",
  "canonicalFilename": "test.tsx_button_q_e_click_XXXXXXXXXXXX",
  "path": "",
  "extension": "tsx",
  "parent": null,
  "ctxKind": "eventHandler",
  "ctxName": "onClick$",
  "captures": true,
  "captureNames": [
    "text",
    "color"
  ]
}
*/
