---
source: crates/qwik-optimizer-oxc/tests/test.rs
expression: output
---
=== INPUT ===
import { component$ } from "@qwik.dev/core";

export const Foo = component$(() => {
  return (
    <div>
      <div onClick$={() => console.log("first")} />
      <div onClick$={() => console.log("second")} />
      <div onClick$={() => console.log("third")} />
    </div>
  );
});

=== test.tsx ===
import { componentQrl } from "@qwik.dev/core";
import { qrl } from "@qwik.dev/core";
const i_gZqPatVoDqw = () => import("./test.tsx_Foo_component_gZqPatVoDqw");
const i_OJboCLusyIA = () => import("./test.tsx_Foo_component_div_q_e_click_OJboCLusyIA");
const i_OJboCLusyIA = () => import("./test.tsx_Foo_component_div_q_e_click_OJboCLusyIA");
const i_OJboCLusyIA = () => import("./test.tsx_Foo_component_div_q_e_click_OJboCLusyIA");
export const Foo = /* @__PURE__ */ componentQrl(
  /* @__PURE__ */ qrl(i_gZqPatVoDqw, "Foo_component_gZqPatVoDqw"),
);

=== test.tsx_Foo_component_gZqPatVoDqw.tsx === (ENTRY)
import { qrl } from "@qwik.dev/core";
const i_OJboCLusyIA = () => import("./test.tsx_Foo_component_div_q_e_click_OJboCLusyIA");
const i_OJboCLusyIA = () => import("./test.tsx_Foo_component_div_q_e_click_OJboCLusyIA");
const i_OJboCLusyIA = () => import("./test.tsx_Foo_component_div_q_e_click_OJboCLusyIA");
export const Foo_component_gZqPatVoDqw = () => {
  return (
    <div>
      <div
        onClick$={/* @__PURE__ */ qrl(i_OJboCLusyIA, "Foo_component_div_q_e_click_OJboCLusyIA")}
      />
      <div
        onClick$={/* @__PURE__ */ qrl(i_OJboCLusyIA, "Foo_component_div_q_e_click_OJboCLusyIA")}
      />
      <div
        onClick$={/* @__PURE__ */ qrl(i_OJboCLusyIA, "Foo_component_div_q_e_click_OJboCLusyIA")}
      />
    </div>
  );
};

/*
{
  "origin": "test.tsx",
  "name": "Foo_component_gZqPatVoDqw",
  "entry": null,
  "displayName": "test.tsx_Foo_component",
  "hash": "gZqPatVoDqw",
  "canonicalFilename": "test.tsx_Foo_component_gZqPatVoDqw",
  "path": "",
  "extension": "tsx",
  "parent": null,
  "ctxKind": "function",
  "ctxName": "component$",
  "captures": false
}
*/

=== test.tsx_Foo_component_div_q_e_click_OJboCLusyIA.tsx === (ENTRY)
export const Foo_component_div_q_e_click_OJboCLusyIA = () => console.log("first");

/*
{
  "origin": "test.tsx",
  "name": "Foo_component_div_q_e_click_OJboCLusyIA",
  "entry": null,
  "displayName": "test.tsx_Foo_component_div_q_e_click",
  "hash": "OJboCLusyIA",
  "canonicalFilename": "test.tsx_Foo_component_div_q_e_click_OJboCLusyIA",
  "path": "",
  "extension": "tsx",
  "parent": "test.tsx_Foo_component",
  "ctxKind": "eventHandler",
  "ctxName": "onClick$",
  "captures": false
}
*/

=== test.tsx_Foo_component_div_q_e_click_OJboCLusyIA.tsx === (ENTRY)
export const Foo_component_div_q_e_click_OJboCLusyIA = () => console.log("second");

/*
{
  "origin": "test.tsx",
  "name": "Foo_component_div_q_e_click_OJboCLusyIA",
  "entry": null,
  "displayName": "test.tsx_Foo_component_div_q_e_click",
  "hash": "OJboCLusyIA",
  "canonicalFilename": "test.tsx_Foo_component_div_q_e_click_OJboCLusyIA",
  "path": "",
  "extension": "tsx",
  "parent": "test.tsx_Foo_component",
  "ctxKind": "eventHandler",
  "ctxName": "onClick$",
  "captures": false
}
*/

=== test.tsx_Foo_component_div_q_e_click_OJboCLusyIA.tsx === (ENTRY)
export const Foo_component_div_q_e_click_OJboCLusyIA = () => console.log("third");

/*
{
  "origin": "test.tsx",
  "name": "Foo_component_div_q_e_click_OJboCLusyIA",
  "entry": null,
  "displayName": "test.tsx_Foo_component_div_q_e_click",
  "hash": "OJboCLusyIA",
  "canonicalFilename": "test.tsx_Foo_component_div_q_e_click_OJboCLusyIA",
  "path": "",
  "extension": "tsx",
  "parent": "test.tsx_Foo_component",
  "ctxKind": "eventHandler",
  "ctxName": "onClick$",
  "captures": false
}
*/
