---
source: crates/qwik-optimizer-oxc/tests/snapshot_tests.rs
expression: output
---
=== test.jsx ===
import { componentQrl } from "@qwik.dev/core";
import { qrl } from "@qwik.dev/core";
import { _jsxSorted } from "@qwik.dev/core";
import { _fnSignal } from "@qwik.dev/core";
const i_XumqEURaLxI = () => import("./test_App_component_XumqEURaLxI");
import { component$ } from "@qwik.dev/core";
const _hf0 = (p0) => p0.value.selected.value ? "danger" : "";
const _hf0_str = "p0.value.selected.value?\"danger\":\"\"";
export const App = /* @__PURE__ */ componentQrl(/* @__PURE__ */ qrl(i_XumqEURaLxI, "App_component_XumqEURaLxI"));

=== test.tsx_App_component_XumqEURaLxI.jsx === (ENTRY)
import { _jsxSorted } from "@qwik.dev/core";
import { _fnSignal } from "@qwik.dev/core";
const _hf0 = (p0) => p0.value.selected.value ? "danger" : "";
const _hf0_str = "p0.value.selected.value?\"danger\":\"\"";
export const App_component_XumqEURaLxI = () => {
	const data = { value: [
		{ value: {
			id: 1,
			selected: { value: true }
		} },
		{ value: {
			id: 2,
			selected: { value: false }
		} },
		{ value: {
			id: 3,
			selected: { value: true }
		} }
	] };
	return /* @__PURE__ */ _jsxSorted("table", null, null, data.value.map((row) => {
		return /* @__PURE__ */ _jsxSorted("tr", null, { class: _fnSignal(_hf0, [row], _hf0_str) }, /* @__PURE__ */ _jsxSorted("td", null, null, row.value.id, 3, "u6_0"), 3, row.value.id);
	}), 3, "u6_1");
};
