---
source: crates/qwik-optimizer-oxc/tests/test.rs
expression: output
---
=== INPUT ===
import { component$ } from "@qwik.dev/core";

export default component$((props: any) => {
  return <button {...props} onClick$={() => props.onClick$()}></button>;
});

=== test.js ===
import { componentQrl } from "@qwik.dev/core";
import { qrl } from "@qwik.dev/core";
import { _getVarProps } from "@qwik.dev/core";
import { _getConstProps } from "@qwik.dev/core";
import { _jsxSplit } from "@qwik.dev/core";
const i_jN9ZUuuADmk = () => import("./test.tsx_default_component_jN9ZUuuADmk");
const i_zo9wkw0NBzs = () => import("./test.tsx_default_component_button_q_e_click_zo9wkw0NBzs");
export default /* @__PURE__ */ componentQrl(/* @__PURE__ */ qrl(i_jN9ZUuuADmk, "default_component_jN9ZUuuADmk"));

=== test.tsx_default_component_jN9ZUuuADmk.js === (ENTRY)
import { qrl } from "@qwik.dev/core";
const i_zo9wkw0NBzs = () => import("./test.tsx_default_component_button_q_e_click_zo9wkw0NBzs");
import { _jsxSplit } from "@qwik.dev/core";
import { _getVarProps } from "@qwik.dev/core";
import { _getConstProps } from "@qwik.dev/core";
export const default_component_jN9ZUuuADmk = (props: any) => {
	return /* @__PURE__ */ _jsxSplit("button", { ..._getVarProps(props) }, _getConstProps(props), null, 0, "u6_0");
}

/*
{
  "origin": "test.tsx",
  "name": "default_component_jN9ZUuuADmk",
  "entry": null,
  "displayName": "test.tsx_default_component",
  "hash": "jN9ZUuuADmk",
  "canonicalFilename": "test.tsx_default_component_jN9ZUuuADmk",
  "path": "",
  "extension": "js",
  "parent": null,
  "ctxKind": "function",
  "ctxName": "component$",
  "captures": false
}
*/

=== test.tsx_default_component_button_q_e_click_zo9wkw0NBzs.js === (ENTRY)
import { _captures } from "@qwik.dev/core";
export const default_component_button_q_e_click_zo9wkw0NBzs = () => {
	const props = _captures[0];
	return props.onClick$();
};

/*
{
  "origin": "test.tsx",
  "name": "default_component_button_q_e_click_zo9wkw0NBzs",
  "entry": null,
  "displayName": "test.tsx_default_component_button_q_e_click",
  "hash": "zo9wkw0NBzs",
  "canonicalFilename": "test.tsx_default_component_button_q_e_click_zo9wkw0NBzs",
  "path": "",
  "extension": "js",
  "parent": "test.tsx_default_component",
  "ctxKind": "eventHandler",
  "ctxName": "onClick$",
  "captures": true,
  "captureNames": [
    "props"
  ]
}
*/
