---
source: crates/qwik-optimizer-oxc/tests/snapshot_tests.rs
expression: output
---
=== test.jsx ===
import { componentQrl } from "@qwik.dev/core";
import { qrl } from "@qwik.dev/core";
import { inlinedQrl } from "@qwik.dev/core";
import { _jsxSorted } from "@qwik.dev/core";
import { _chk } from "@qwik.dev/core";
const i_O84bGdeej0g = () => import("./test_FieldInput_component_O84bGdeej0g");
const i_0pI6Lozv5Ow = () => import("./test_FieldInput_component_input_q_e_input_0pI6Lozv5Ow");
import { component$, useSignal } from "@qwik.dev/core";
export const FieldInput = /* @__PURE__ */ componentQrl(/* @__PURE__ */ qrl(i_O84bGdeej0g, "FieldInput_component_O84bGdeej0g"));

=== test.tsx_FieldInput_component_O84bGdeej0g.jsx === (ENTRY)
import { qrl } from "@qwik.dev/core";
const i_0pI6Lozv5Ow = () => import("./test.tsx_FieldInput_component_input_q_e_input_0pI6Lozv5Ow");
import { _jsxSorted } from "@qwik.dev/core";
import { inlinedQrl } from "@qwik.dev/core";
export const FieldInput_component_O84bGdeej0g = () => {
	const localValue = useSignal(false);
	return /* @__PURE__ */ _jsxSorted("input", null, {
		"q-e:input": () => {
			console.log("test");
		},
		checked: localValue,
		"q-e:input": inlinedQrl(_chk, "_chk", [localValue])
	}, null, 3, "u6_0");
};

=== test.tsx_FieldInput_component_input_q_e_input_0pI6Lozv5Ow.jsx === (ENTRY)
