---
source: crates/qwik-optimizer-oxc/tests/snapshot_tests.rs
expression: output
---
=== test.js ===
import { componentQrl } from "@qwik.dev/core";
import { qrl } from "@qwik.dev/core";
import { _jsxSorted } from "@qwik.dev/core";
import { _getVarProps } from "@qwik.dev/core";
import { _getConstProps } from "@qwik.dev/core";
import { _jsxSplit } from "@qwik.dev/core";
const i_jN9ZUuuADmk = () => import("./test.tsx_default_component_jN9ZUuuADmk");
import { component$ } from "@qwik.dev/core";
function Hola(props: any) {
	return /* @__PURE__ */ _jsxSplit("div", { ..._getVarProps(props) }, _getConstProps(props), null, 0, null);
}
export default /* @__PURE__ */ componentQrl(/* @__PURE__ */ qrl(i_jN9ZUuuADmk, "default_component_jN9ZUuuADmk"));

=== test.tsx_default_component_jN9ZUuuADmk.js === (ENTRY)
import { _jsxSorted } from "@qwik.dev/core";
export const default_component_jN9ZUuuADmk = () => {
	return /* @__PURE__ */ _jsxSorted(Hola, null, null, [/* @__PURE__ */ _jsxSorted("div", null, null, "1", 3, "u6_0"), /* @__PURE__ */ _jsxSorted("div", null, null, "2", 3, "u6_1")], 1, "u6_2");
};
