---
source: crates/qwik-optimizer-oxc/tests/test.rs
expression: output
---
=== INPUT ===
import { component$ } from "@qwik.dev/core";

const ManyEventsComponent = component$(() => {
  return (
    <div>
      <button onClick$={() => {}} onDblClick$={() => {}}>
        click
      </button>
      <button
        onClick$={() => {}}
        onBlur$={() => {}}
        on-anotherCustom$={() => {}}
        document:onFocus$={() => {}}
        window:onClick$={() => {}}
      >
        click
      </button>
    </div>
  );
});

=== test.js ===
import { componentQrl } from "@qwik.dev/core";
import { qrl } from "@qwik.dev/core";
import { _jsxSorted } from "@qwik.dev/core";
const i_XXXXXXXXXXXX = () => import("./test.tsx_ManyEventsComponent_component_XXXXXXXXXXXX");
const i_XXXXXXXXXXXX = () =>
  import("./test.tsx_ManyEventsComponent_component_button_q_e_click_XXXXXXXXXXXX");
const i_XXXXXXXXXXXX = () =>
  import("./test.tsx_ManyEventsComponent_component_button_q_e_dblclick_XXXXXXXXXXXX");
const i_XXXXXXXXXXXX = () =>
  import("./test.tsx_ManyEventsComponent_component_button_q_e_click_XXXXXXXXXXXX");
const i_XXXXXXXXXXXX = () =>
  import("./test.tsx_ManyEventsComponent_component_button_q_e_blur_XXXXXXXXXXXX");
const i_XXXXXXXXXXXX = () =>
  import("./test.tsx_ManyEventsComponent_component_button_q_e_-anothercustom_XXXXXXXXXXXX");
const i_XXXXXXXXXXXX = () =>
  import("./test.tsx_ManyEventsComponent_component_button_q_d_focus_XXXXXXXXXXXX");
const i_XXXXXXXXXXXX = () =>
  import("./test.tsx_ManyEventsComponent_component_button_q_w_click_XXXXXXXXXXXX");
const ManyEventsComponent = /* @__PURE__ */ componentQrl(
  /* @__PURE__ */ qrl(i_XXXXXXXXXXXX, "ManyEventsComponent_component_XXXXXXXXXXXX"),
);

=== test.tsx_ManyEventsComponent_component_XXXXXXXXXXXX.js === (ENTRY)
import { qrl } from "@qwik.dev/core";
const i_XXXXXXXXXXXX = () =>
  import("./test.tsx_ManyEventsComponent_component_button_q_e_click_XXXXXXXXXXXX");
const i_XXXXXXXXXXXX = () =>
  import("./test.tsx_ManyEventsComponent_component_button_q_e_dblclick_XXXXXXXXXXXX");
const i_XXXXXXXXXXXX = () =>
  import("./test.tsx_ManyEventsComponent_component_button_q_e_click_XXXXXXXXXXXX");
const i_XXXXXXXXXXXX = () =>
  import("./test.tsx_ManyEventsComponent_component_button_q_e_blur_XXXXXXXXXXXX");
const i_XXXXXXXXXXXX = () =>
  import("./test.tsx_ManyEventsComponent_component_button_q_e_-anothercustom_XXXXXXXXXXXX");
const i_XXXXXXXXXXXX = () =>
  import("./test.tsx_ManyEventsComponent_component_button_q_d_focus_XXXXXXXXXXXX");
const i_XXXXXXXXXXXX = () =>
  import("./test.tsx_ManyEventsComponent_component_button_q_w_click_XXXXXXXXXXXX");
import { _jsxSorted } from "@qwik.dev/core";
export const ManyEventsComponent_component_XXXXXXXXXXXX = () => {
  return /* @__PURE__ */ _jsxSorted(
    "div",
    null,
    null,
    [
      /* @__PURE__ */ _jsxSorted(
        "button",
        null,
        {
          "q-e:click": /* @__PURE__ */ qrl(
            i_XXXXXXXXXXXX,
            "ManyEventsComponent_component_button_q_e_click_XXXXXXXXXXXX",
          ),
          "q-e:dblclick": /* @__PURE__ */ qrl(
            i_XXXXXXXXXXXX,
            "ManyEventsComponent_component_button_q_e_dblclick_XXXXXXXXXXXX",
          ),
        },
        "click",
        3,
        "u6_0",
      ),
      /* @__PURE__ */ _jsxSorted(
        "button",
        null,
        {
          "q-e:click": /* @__PURE__ */ qrl(
            i_XXXXXXXXXXXX,
            "ManyEventsComponent_component_button_q_e_click_XXXXXXXXXXXX",
          ),
          "q-e:blur": /* @__PURE__ */ qrl(
            i_XXXXXXXXXXXX,
            "ManyEventsComponent_component_button_q_e_blur_XXXXXXXXXXXX",
          ),
          "q-e:-anothercustom": /* @__PURE__ */ qrl(
            i_XXXXXXXXXXXX,
            "ManyEventsComponent_component_button_q_e_-anothercustom_XXXXXXXXXXXX",
          ),
          "q-d:focus": /* @__PURE__ */ qrl(
            i_XXXXXXXXXXXX,
            "ManyEventsComponent_component_button_q_d_focus_XXXXXXXXXXXX",
          ),
          "q-w:click": /* @__PURE__ */ qrl(
            i_XXXXXXXXXXXX,
            "ManyEventsComponent_component_button_q_w_click_XXXXXXXXXXXX",
          ),
        },
        "click",
        3,
        "u6_1",
      ),
    ],
    1,
    "u6_2",
  );
};

/*
{
  "origin": "test.tsx",
  "name": "ManyEventsComponent_component_XXXXXXXXXXXX",
  "entry": null,
  "displayName": "test.tsx_ManyEventsComponent_component",
  "hash": "XXXXXXXXXXXX",
  "canonicalFilename": "test.tsx_ManyEventsComponent_component_XXXXXXXXXXXX",
  "path": "",
  "extension": "js",
  "parent": null,
  "ctxKind": "function",
  "ctxName": "component$",
  "captures": false
}
*/

=== test.tsx_ManyEventsComponent_component_button_q_e_click_XXXXXXXXXXXX.js === (ENTRY)
export const ManyEventsComponent_component_button_q_e_click_XXXXXXXXXXXX = () => {};

/*
{
  "origin": "test.tsx",
  "name": "ManyEventsComponent_component_button_q_e_click_XXXXXXXXXXXX",
  "entry": null,
  "displayName": "test.tsx_ManyEventsComponent_component_button_q_e_click",
  "hash": "XXXXXXXXXXXX",
  "canonicalFilename": "test.tsx_ManyEventsComponent_component_button_q_e_click_XXXXXXXXXXXX",
  "path": "",
  "extension": "js",
  "parent": "test.tsx_ManyEventsComponent_component",
  "ctxKind": "eventHandler",
  "ctxName": "onClick$",
  "captures": false
}
*/

=== test.tsx_ManyEventsComponent_component_button_q_e_dblclick_XXXXXXXXXXXX.js === (ENTRY)
export const ManyEventsComponent_component_button_q_e_dblclick_XXXXXXXXXXXX = () => {};

/*
{
  "origin": "test.tsx",
  "name": "ManyEventsComponent_component_button_q_e_dblclick_XXXXXXXXXXXX",
  "entry": null,
  "displayName": "test.tsx_ManyEventsComponent_component_button_q_e_dblclick",
  "hash": "XXXXXXXXXXXX",
  "canonicalFilename": "test.tsx_ManyEventsComponent_component_button_q_e_dblclick_XXXXXXXXXXXX",
  "path": "",
  "extension": "js",
  "parent": "test.tsx_ManyEventsComponent_component",
  "ctxKind": "eventHandler",
  "ctxName": "onDblClick$",
  "captures": false
}
*/

=== test.tsx_ManyEventsComponent_component_button_q_e_click_XXXXXXXXXXXX.js === (ENTRY)
export const ManyEventsComponent_component_button_q_e_click_XXXXXXXXXXXX = () => {};

/*
{
  "origin": "test.tsx",
  "name": "ManyEventsComponent_component_button_q_e_click_XXXXXXXXXXXX",
  "entry": null,
  "displayName": "test.tsx_ManyEventsComponent_component_button_q_e_click",
  "hash": "XXXXXXXXXXXX",
  "canonicalFilename": "test.tsx_ManyEventsComponent_component_button_q_e_click_XXXXXXXXXXXX",
  "path": "",
  "extension": "js",
  "parent": "test.tsx_ManyEventsComponent_component",
  "ctxKind": "eventHandler",
  "ctxName": "onClick$",
  "captures": false
}
*/

=== test.tsx_ManyEventsComponent_component_button_q_e_blur_XXXXXXXXXXXX.js === (ENTRY)
export const ManyEventsComponent_component_button_q_e_blur_XXXXXXXXXXXX = () => {};

/*
{
  "origin": "test.tsx",
  "name": "ManyEventsComponent_component_button_q_e_blur_XXXXXXXXXXXX",
  "entry": null,
  "displayName": "test.tsx_ManyEventsComponent_component_button_q_e_blur",
  "hash": "XXXXXXXXXXXX",
  "canonicalFilename": "test.tsx_ManyEventsComponent_component_button_q_e_blur_XXXXXXXXXXXX",
  "path": "",
  "extension": "js",
  "parent": "test.tsx_ManyEventsComponent_component",
  "ctxKind": "eventHandler",
  "ctxName": "onBlur$",
  "captures": false
}
*/

=== test.tsx_ManyEventsComponent_component_button_q_e_-anothercustom_XXXXXXXXXXXX.js === (ENTRY)
export const ManyEventsComponent_component_button_q_e_-anothercustom_XXXXXXXXXXXX = () => {}

/*
{
  "origin": "test.tsx",
  "name": "ManyEventsComponent_component_button_q_e_-anothercustom_XXXXXXXXXXXX",
  "entry": null,
  "displayName": "test.tsx_ManyEventsComponent_component_button_q_e_-anothercustom",
  "hash": "XXXXXXXXXXXX",
  "canonicalFilename": "test.tsx_ManyEventsComponent_component_button_q_e_-anothercustom_XXXXXXXXXXXX",
  "path": "",
  "extension": "js",
  "parent": "test.tsx_ManyEventsComponent_component",
  "ctxKind": "eventHandler",
  "ctxName": "on-anotherCustom$",
  "captures": false
}
*/

=== test.tsx_ManyEventsComponent_component_button_q_d_focus_XXXXXXXXXXXX.js === (ENTRY)
export const ManyEventsComponent_component_button_q_d_focus_XXXXXXXXXXXX = () => {};

/*
{
  "origin": "test.tsx",
  "name": "ManyEventsComponent_component_button_q_d_focus_XXXXXXXXXXXX",
  "entry": null,
  "displayName": "test.tsx_ManyEventsComponent_component_button_q_d_focus",
  "hash": "XXXXXXXXXXXX",
  "canonicalFilename": "test.tsx_ManyEventsComponent_component_button_q_d_focus_XXXXXXXXXXXX",
  "path": "",
  "extension": "js",
  "parent": "test.tsx_ManyEventsComponent_component",
  "ctxKind": "eventHandler",
  "ctxName": "document:onFocus$",
  "captures": false
}
*/

=== test.tsx_ManyEventsComponent_component_button_q_w_click_XXXXXXXXXXXX.js === (ENTRY)
export const ManyEventsComponent_component_button_q_w_click_XXXXXXXXXXXX = () => {};

/*
{
  "origin": "test.tsx",
  "name": "ManyEventsComponent_component_button_q_w_click_XXXXXXXXXXXX",
  "entry": null,
  "displayName": "test.tsx_ManyEventsComponent_component_button_q_w_click",
  "hash": "XXXXXXXXXXXX",
  "canonicalFilename": "test.tsx_ManyEventsComponent_component_button_q_w_click_XXXXXXXXXXXX",
  "path": "",
  "extension": "js",
  "parent": "test.tsx_ManyEventsComponent_component",
  "ctxKind": "eventHandler",
  "ctxName": "window:onClick$",
  "captures": false
}
*/

=== DIAGNOSTICS ===

[]
