---
source: crates/qwik-optimizer-oxc/tests/snapshot_tests.rs
expression: output
---
=== test.js ===
import { componentQrl } from "@qwik.dev/core";
import { qrl } from "@qwik.dev/core";
import { _jsxSorted } from "@qwik.dev/core";
const i_gZqPatVoDqw = () => import("./test.tsx_Foo_component_gZqPatVoDqw");
const i_MWp7oW4SJcQ = () => import("./test.tsx_Foo_component_p_q_e_click_MWp7oW4SJcQ");
const i_OJboCLusyIA = () => import("./test.tsx_Foo_component_div_q_e_click_OJboCLusyIA");
import { component$, useSignal, Signal } from "@qwik.dev/core";
const Foo = /* @__PURE__ */ componentQrl(/* @__PURE__ */ qrl(i_gZqPatVoDqw, "Foo_component_gZqPatVoDqw"));

=== test.tsx_Foo_component_gZqPatVoDqw.js === (ENTRY)
import { qrl } from "@qwik.dev/core";
const i_MWp7oW4SJcQ = () => import("./test.tsx_Foo_component_p_q_e_click_MWp7oW4SJcQ");
const i_OJboCLusyIA = () => import("./test.tsx_Foo_component_div_q_e_click_OJboCLusyIA");
import { _jsxSorted } from "@qwik.dev/core";
export const Foo_component_gZqPatVoDqw = (function() {
	const data = useSignal < Signal < any > [] > [];
	const data2 = useSignal < Signal < any > [] > [];
	return /* @__PURE__ */ _jsxSorted("div", null, null, data.value.map((row) => /* @__PURE__ */ _jsxSorted("div", null, { "q-e:click": () => console.log(row.value.id) }, data2.value.map((item) => /* @__PURE__ */ _jsxSorted("p", null, { "q-e:click": () => console.log(row.value.id, item.value.id) }, [
		row.value.id,
		"-",
		item.value.id
	], 1, "u6_0")), 3, "u6_1")), 3, "u6_2");
});

=== test.tsx_Foo_component_p_q_e_click_MWp7oW4SJcQ.js === (ENTRY)


=== test.tsx_Foo_component_div_q_e_click_OJboCLusyIA.js === (ENTRY)
