---
source: crates/qwik-optimizer-oxc/tests/snapshot_tests.rs
expression: output
---
=== test.js ===
import { componentQrl } from "@qwik.dev/core";
import { qrl } from "@qwik.dev/core";
import { _jsxSorted } from "@qwik.dev/core";
const i_O84bGdeej0g = () => import("./test.tsx_FieldInput_component_O84bGdeej0g");
const i_axfrT8CMT4s = () => import("./test.tsx_s_1_axfrT8CMT4s");
const i_gyY7eQpsQgo = () => import("./test.tsx_FieldInput_component_input_q_e_focus_gyY7eQpsQgo");
import { useSignal } from "@qwik.dev/core";
export const FieldInput = /* @__PURE__ */ componentQrl(/* @__PURE__ */ qrl(i_O84bGdeej0g, "FieldInput_component_O84bGdeej0g"));

=== test.tsx_FieldInput_component_O84bGdeej0g.js === (ENTRY)
import { qrl } from "@qwik.dev/core";
const i_axfrT8CMT4s = () => import("./test.tsx_s_1_axfrT8CMT4s");
const i_gyY7eQpsQgo = () => import("./test.tsx_FieldInput_component_input_q_e_focus_gyY7eQpsQgo");
import { _jsxSorted } from "@qwik.dev/core";
import { useSignal } from "@qwik.dev/core";
export const FieldInput_component_O84bGdeej0g = () => {
	const enabled = useSignal(false);
	const input = useSignal("");
	return /* @__PURE__ */ _jsxSorted("input", null, {
		id: "input",
		"q-e:input": enabled.value ? /* @__PURE__ */ qrl(i_axfrT8CMT4s, "s_1_axfrT8CMT4s", [input]) : undefined,
		"q-e:focus": () => {
			enabled.value = true;
		}
	}, null, 3, "u6_0");
};

=== test.tsx_s_1_axfrT8CMT4s.js === (ENTRY)
import { _captures } from "@qwik.dev/core";
export const s_1_axfrT8CMT4s = (ev, el) => {
	const input = _captures[0];
	input.value = el.value;
};

=== test.tsx_FieldInput_component_input_q_e_focus_gyY7eQpsQgo.js === (ENTRY)
import { _captures } from "@qwik.dev/core";
export const FieldInput_component_input_q_e_focus_gyY7eQpsQgo = () => {
	const enabled = _captures[0];
	enabled.value = true;
};
