---
source: crates/qwik-optimizer-oxc/tests/test.rs
expression: output
---
=== INPUT ===
import { component$, $ } from '@qwik.dev/core';
import { CustomComponent } from './custom-component';
import { AnotherComponent } from './another-component';

export const Greeter = component$(() => {
	return (
		<div>
			<CustomComponent onClick$={() => {}}/>
			{array.map(item => (
				<AnotherComponent onClick$={() => {}}/>
			))}
		</div>
	)
});

=== test.tsx ===
import { componentQrl } from "@qwik.dev/core";
import { qrl } from "@qwik.dev/core";
const i_l5Al0251s9w = () => import("./test.tsx_Greeter_component_l5Al0251s9w");
const i_dWH0ComNdBo = () => import("./test.tsx_Greeter_component___q_e_click_dWH0ComNdBo");
const i_dWH0ComNdBo = () => import("./test.tsx_Greeter_component___q_e_click_dWH0ComNdBo");
import { CustomComponent } from "./custom-component";
import { AnotherComponent } from "./another-component";
export const Greeter = /* @__PURE__ */ componentQrl(/* @__PURE__ */ qrl(i_l5Al0251s9w, "Greeter_component_l5Al0251s9w"));

=== test.tsx_Greeter_component_l5Al0251s9w.tsx === (ENTRY)
import { qrl } from "@qwik.dev/core";
const i_dWH0ComNdBo = () => import("./test.tsx_Greeter_component___q_e_click_dWH0ComNdBo");
const i_dWH0ComNdBo = () => import("./test.tsx_Greeter_component___q_e_click_dWH0ComNdBo");
import { CustomComponent } from "./custom-component";
import { AnotherComponent } from "./another-component";
export const Greeter_component_l5Al0251s9w = () => {
	return <div>
			<CustomComponent onClick$={/* @__PURE__ */ qrl(i_dWH0ComNdBo, "Greeter_component___q_e_click_dWH0ComNdBo")} />
			{array.map((item) => <AnotherComponent onClick$={/* @__PURE__ */ qrl(i_dWH0ComNdBo, "Greeter_component___q_e_click_dWH0ComNdBo")} />)}
		</div>;
}

/*
{
  "origin": "test.tsx",
  "name": "Greeter_component_l5Al0251s9w",
  "entry": null,
  "displayName": "test.tsx_Greeter_component",
  "hash": "l5Al0251s9w",
  "canonicalFilename": "test.tsx_Greeter_component_l5Al0251s9w",
  "path": "",
  "extension": "tsx",
  "parent": null,
  "ctxKind": "function",
  "ctxName": "component$",
  "captures": false
}
*/

=== test.tsx_Greeter_component___q_e_click_dWH0ComNdBo.tsx === (ENTRY)
export const Greeter_component___q_e_click_dWH0ComNdBo = () => {};

/*
{
  "origin": "test.tsx",
  "name": "Greeter_component___q_e_click_dWH0ComNdBo",
  "entry": null,
  "displayName": "test.tsx_Greeter_component___q_e_click",
  "hash": "dWH0ComNdBo",
  "canonicalFilename": "test.tsx_Greeter_component___q_e_click_dWH0ComNdBo",
  "path": "",
  "extension": "tsx",
  "parent": "test.tsx_Greeter_component",
  "ctxKind": "eventHandler",
  "ctxName": "onClick$",
  "captures": false
}
*/

=== test.tsx_Greeter_component___q_e_click_dWH0ComNdBo.tsx === (ENTRY)
export const Greeter_component___q_e_click_dWH0ComNdBo = () => {};

/*
{
  "origin": "test.tsx",
  "name": "Greeter_component___q_e_click_dWH0ComNdBo",
  "entry": null,
  "displayName": "test.tsx_Greeter_component___q_e_click",
  "hash": "dWH0ComNdBo",
  "canonicalFilename": "test.tsx_Greeter_component___q_e_click_dWH0ComNdBo",
  "path": "",
  "extension": "tsx",
  "parent": "test.tsx_Greeter_component",
  "ctxKind": "eventHandler",
  "ctxName": "onClick$",
  "captures": false
}
*/
